Component: ARM Compiler 5.06 update 1 (build 61) Tool: armlink [4d35a8]

==============================================================================

Section Cross References

    main.o(.text) refers to bsp_init.o(.text) for All_Init
    main.o(.text) refers to ano_scheduler.o(.text) for Scheduler_Setup
    main.o(.text) refers to ano_fcdata.o(.bss) for flag
    ano_scheduler.o(.text) refers to drv_time.o(.text) for GetSysTime_us
    ano_scheduler.o(.text) refers to ano_flightdatacal.o(.text) for Fc_Sensor_Get
    ano_scheduler.o(.text) refers to ano_sensor_basic.o(.text) for Sensor_Data_Prepare
    ano_scheduler.o(.text) refers to drv_gps.o(.text) for WCXY_Acc_Get_Task
    ano_scheduler.o(.text) refers to ano_flightctrl.o(.text) for Flight_State_Task
    ano_scheduler.o(.text) refers to ano_of_decofusion.o(.text) for ANO_OF_Data_Prepare_Task
    ano_scheduler.o(.text) refers to ano_dt.o(.text) for ANO_DT_Data_Exchange
    ano_scheduler.o(.text) refers to ano_attctrl.o(.text) for Att_1level_Ctrl
    ano_scheduler.o(.text) refers to ano_motorctrl.o(.text) for Motor_Ctrl_Task
    ano_scheduler.o(.text) refers to ano_uwb.o(.text) for Ano_UWB_Get_Data_Task
    ano_scheduler.o(.text) refers to ano_imu.o(.text) for calculate_RPY
    ano_scheduler.o(.text) refers to ano_rc.o(.text) for RC_duty_task
    ano_scheduler.o(.text) refers to ano_of.o(.text) for AnoOF_DataAnl_Task
    ano_scheduler.o(.text) refers to drv_led.o(.text) for LED_Task2
    ano_scheduler.o(.text) refers to ano_flyctrl.o(.text) for FlyCtrl_Task
    ano_scheduler.o(.text) refers to drv_openmv.o(.text) for OpenMV_Offline_Check
    ano_scheduler.o(.text) refers to ano_opmv_cbtracking_ctrl.o(.text) for ANO_CBTracking_Task
    ano_scheduler.o(.text) refers to ano_opmv_linetracking_ctrl.o(.text) for ANO_LTracking_Task
    ano_scheduler.o(.text) refers to ano_opmv_ctrl.o(.text) for ANO_OPMV_Ctrl_Task
    ano_scheduler.o(.text) refers to ano_power.o(.text) for Power_UpdateTask
    ano_scheduler.o(.text) refers to drv_heating.o(.text) for Thermostatic_Ctrl_Task
    ano_scheduler.o(.text) refers to ano_parameter.o(.text) for Ano_Parame_Write_task
    ano_scheduler.o(.text) refers to ano_scheduler.o(.bss) for test_dT_1000hz
    ano_scheduler.o(.text) refers to ano_rc.o(.bss) for CH_N
    ano_scheduler.o(.text) refers to ano_scheduler.o(.data) for sched_tasks
    ano_scheduler.o(.data) refers to ano_scheduler.o(.text) for Loop_1000Hz
    bsp_init.o(.text) refers to misc.o(.text) for NVIC_PriorityGroupConfig
    bsp_init.o(.text) refers to drv_time.o(.text) for SysTick_Configuration
    bsp_init.o(.text) refers to drv_led.o(.text) for Drv_LED_Init
    bsp_init.o(.text) refers to drv_w25qxx.o(.text) for Flash_Init
    bsp_init.o(.text) refers to ano_fcdata.o(.text) for Para_Data_Init
    bsp_init.o(.text) refers to ano_rc.o(.text) for Remote_Control_Init
    bsp_init.o(.text) refers to drv_pwm_out.o(.text) for PWM_Out_Init
    bsp_init.o(.text) refers to drv_spi.o(.text) for Drv_SPI2_init
    bsp_init.o(.text) refers to drv_icm20602.o(.text) for Drv_Icm20602CSPin_Init
    bsp_init.o(.text) refers to drv_ak8975.o(.text) for Drv_AK8975CSPin_Init
    bsp_init.o(.text) refers to drv_spl06.o(.text) for Drv_SPL06CSPin_Init
    bsp_init.o(.text) refers to ano_usb.o(.text) for Usb_Hid_Init
    bsp_init.o(.text) refers to drv_usart.o(.text) for Usart2_Init
    bsp_init.o(.text) refers to drv_up_flow.o(.text) for Drv_OFInit
    bsp_init.o(.text) refers to drv_laser.o(.text) for Drv_Laser_Init
    bsp_init.o(.text) refers to drv_adc.o(.text) for Drv_AdcInit
    bsp_init.o(.text) refers to ano_flightctrl.o(.text) for All_PID_Init
    bsp_init.o(.text) refers to drv_gps.o(.text) for Drv_GpsPin_Init
    bsp_init.o(.text) refers to drv_heating.o(.text) for Drv_HeatingInit
    bsp_init.o(.text) refers to ano_sensor_basic.o(.text) for Sensor_Basic_Init
    bsp_init.o(.text) refers to ano_dt.o(.text) for ANO_DT_SendString
    bsp_init.o(.text) refers to ano_fcdata.o(.bss) for sens_hd_check
    bsp_init.o(.text) refers to bsp_init.o(.data) for of_init_type
    ano_dt.o(.text) refers to ano_usb.o(.text) for Usb_Hid_Adddata
    ano_dt.o(.text) refers to drv_usart.o(.text) for Usart2_Send
    ano_dt.o(.text) refers to ano_dt.o(.bss) for data_to_send
    ano_dt.o(.text) refers to ano_parameter.o(.bss) for Ano_Parame
    ano_dt.o(.text) refers to ano_fcdata.o(.text) for data_save
    ano_dt.o(.text) refers to ano_parameter.o(.text) for PID_Rest
    ano_dt.o(.text) refers to ano_flightctrl.o(.text) for All_PID_Init
    ano_dt.o(.text) refers to ano_flyctrl.o(.text) for FlyCtrlDataAnl
    ano_dt.o(.text) refers to ano_sensor_basic.o(.bss) for sensor
    ano_dt.o(.text) refers to ano_magprocess.o(.data) for mag
    ano_dt.o(.text) refers to ano_dt.o(.data) for ano_dt_data_ok
    ano_dt.o(.text) refers to memcpya.o(.text) for __aeabi_memcpy4
    ano_dt.o(.text) refers to dfixui.o(.text) for __aeabi_d2uiz
[...]
    DMA_DeInit                               0x080118c5   Thumb Code   462  stm32f4xx_dma.o(.text)
    DMA_Init                                 0x08011a93   Thumb Code   744  stm32f4xx_dma.o(.text)
    DMA_StructInit                           0x08011d7b   Thumb Code    34  stm32f4xx_dma.o(.text)
    DMA_Cmd                                  0x08011d9d   Thumb Code   186  stm32f4xx_dma.o(.text)
    DMA_PeriphIncOffsetSizeConfig            0x08011e57   Thumb Code   188  stm32f4xx_dma.o(.text)
    DMA_FlowControllerConfig                 0x08011f13   Thumb Code   186  stm32f4xx_dma.o(.text)
    DMA_SetCurrDataCounter                   0x08011fcd   Thumb Code   148  stm32f4xx_dma.o(.text)
    DMA_GetCurrDataCounter                   0x08012061   Thumb Code   148  stm32f4xx_dma.o(.text)
    DMA_DoubleBufferModeConfig               0x080120f5   Thumb Code   204  stm32f4xx_dma.o(.text)
    DMA_DoubleBufferModeCmd                  0x080121c1   Thumb Code   186  stm32f4xx_dma.o(.text)
    DMA_MemoryTargetConfig                   0x0801227b   Thumb Code   178  stm32f4xx_dma.o(.text)
    DMA_GetCurrentMemoryTarget               0x0801232d   Thumb Code   162  stm32f4xx_dma.o(.text)
    DMA_GetCmdStatus                         0x080123cf   Thumb Code   162  stm32f4xx_dma.o(.text)
    DMA_GetFIFOStatus                        0x08012471   Thumb Code   154  stm32f4xx_dma.o(.text)
    DMA_GetFlagStatus                        0x0801250b   Thumb Code   486  stm32f4xx_dma.o(.text)
    DMA_ClearFlag                            0x080126f1   Thumb Code   220  stm32f4xx_dma.o(.text)
    DMA_ITConfig                             0x080127cd   Thumb Code   244  stm32f4xx_dma.o(.text)
    DMA_GetITStatus                          0x080128c1   Thumb Code   590  stm32f4xx_dma.o(.text)
    DMA_ClearITPendingBit                    0x08012b0f   Thumb Code   222  stm32f4xx_dma.o(.text)
    EXTI_DeInit                              0x08012c91   Thumb Code    28  stm32f4xx_exti.o(.text)
    EXTI_Init                                0x08012cad   Thumb Code   236  stm32f4xx_exti.o(.text)
    EXTI_StructInit                          0x08012d99   Thumb Code    16  stm32f4xx_exti.o(.text)
    EXTI_GenerateSWInterrupt                 0x08012da9   Thumb Code    38  stm32f4xx_exti.o(.text)
    EXTI_GetFlagStatus                       0x08012dcf   Thumb Code   158  stm32f4xx_exti.o(.text)
    EXTI_ClearFlag                           0x08012e6d   Thumb Code    30  stm32f4xx_exti.o(.text)
    EXTI_GetITStatus                         0x08012e8b   Thumb Code   172  stm32f4xx_exti.o(.text)
    EXTI_ClearITPendingBit                   0x08012f37   Thumb Code    32  stm32f4xx_exti.o(.text)
    GPIO_DeInit                              0x08012f9d   Thumb Code   284  stm32f4xx_gpio.o(.text)
    GPIO_Init                                0x080130b9   Thumb Code   342  stm32f4xx_gpio.o(.text)
    GPIO_StructInit                          0x0801320f   Thumb Code    18  stm32f4xx_gpio.o(.text)
    GPIO_PinLockConfig                       0x08013221   Thumb Code   122  stm32f4xx_gpio.o(.text)
    GPIO_ReadInputDataBit                    0x0801329b   Thumb Code   182  stm32f4xx_gpio.o(.text)
    GPIO_ReadInputData                       0x08013351   Thumb Code   174  stm32f4xx_gpio.o(.text)
    GPIO_ReadOutputDataBit                   0x080133ff   Thumb Code   186  stm32f4xx_gpio.o(.text)
    GPIO_ReadOutputData                      0x080134b9   Thumb Code    78  stm32f4xx_gpio.o(.text)
    GPIO_SetBits                             0x08013507   Thumb Code    98  stm32f4xx_gpio.o(.text)
    GPIO_ResetBits                           0x08013569   Thumb Code    98  stm32f4xx_gpio.o(.text)
    GPIO_WriteBit                            0x080135cb   Thumb Code   200  stm32f4xx_gpio.o(.text)
    GPIO_Write                               0x08013693   Thumb Code    78  stm32f4xx_gpio.o(.text)
    GPIO_ToggleBits                          0x080136e1   Thumb Code    82  stm32f4xx_gpio.o(.text)
    GPIO_PinAFConfig                         0x08013733   Thumb Code   384  stm32f4xx_gpio.o(.text)
    RCC_DeInit                               0x080138b5   Thumb Code    60  stm32f4xx_rcc.o(.text)
    RCC_HSEConfig                            0x080138f1   Thumb Code    38  stm32f4xx_rcc.o(.text)
    RCC_GetFlagStatus                        0x08013917   Thumb Code   130  stm32f4xx_rcc.o(.text)
    RCC_WaitForHSEStartUp                    0x08013999   Thumb Code    56  stm32f4xx_rcc.o(.text)
    RCC_AdjustHSICalibrationValue            0x080139d1   Thumb Code    38  stm32f4xx_rcc.o(.text)
    RCC_HSICmd                               0x080139f7   Thumb Code    28  stm32f4xx_rcc.o(.text)
    RCC_LSEConfig                            0x08013a13   Thumb Code    72  stm32f4xx_rcc.o(.text)
    RCC_LSICmd                               0x08013a5b   Thumb Code    28  stm32f4xx_rcc.o(.text)
    RCC_PLLConfig                            0x08013a77   Thumb Code   156  stm32f4xx_rcc.o(.text)
    RCC_PLLCmd                               0x08013b13   Thumb Code    28  stm32f4xx_rcc.o(.text)
    RCC_PLLI2SConfig                         0x08013b2f   Thumb Code    62  stm32f4xx_rcc.o(.text)
    RCC_PLLI2SCmd                            0x08013b6d   Thumb Code    28  stm32f4xx_rcc.o(.text)
    RCC_ClockSecuritySystemCmd               0x08013b89   Thumb Code    28  stm32f4xx_rcc.o(.text)
    RCC_MCO1Config                           0x08013ba5   Thumb Code   102  stm32f4xx_rcc.o(.text)
    RCC_MCO2Config                           0x08013c0b   Thumb Code   102  stm32f4xx_rcc.o(.text)
    RCC_SYSCLKConfig                         0x08013c71   Thumb Code   124  stm32f4xx_rcc.o(.text)
    RCC_GetSYSCLKSource                      0x08013ced   Thumb Code    10  stm32f4xx_rcc.o(.text)
    RCC_HCLKConfig                           0x08013cf7   Thumb Code    68  stm32f4xx_rcc.o(.text)
    RCC_PCLK1Config                          0x08013d3b   Thumb Code    60  stm32f4xx_rcc.o(.text)
    RCC_PCLK2Config                          0x08013d77   Thumb Code    62  stm32f4xx_rcc.o(.text)
    RCC_GetClocksFreq                        0x08013db5   Thumb Code   214  stm32f4xx_rcc.o(.text)
    RCC_RTCCLKConfig                         0x08013e8b   Thumb Code   262  stm32f4xx_rcc.o(.text)
    RCC_RTCCLKCmd                            0x08013f91   Thumb Code    30  stm32f4xx_rcc.o(.text)
    RCC_BackupResetCmd                       0x08013faf   Thumb Code    32  stm32f4xx_rcc.o(.text)
    RCC_I2SCLKConfig                         0x08013fcf   Thumb Code    30  stm32f4xx_rcc.o(.text)
    RCC_AHB1PeriphClockCmd                   0x08013fed   Thumb Code    82  stm32f4xx_rcc.o(.text)
    RCC_AHB2PeriphClockCmd                   0x0801403f   Thumb Code    82  stm32f4xx_rcc.o(.text)
    RCC_AHB3PeriphClockCmd                   0x08014091   Thumb Code   232  stm32f4xx_rcc.o(.text)
    RCC_APB1PeriphClockCmd                   0x08014179   Thumb Code    82  stm32f4xx_rcc.o(.text)
    RCC_APB2PeriphClockCmd                   0x080141cb   Thumb Code    82  stm32f4xx_rcc.o(.text)
    RCC_AHB1PeriphResetCmd                   0x0801421d   Thumb Code    82  stm32f4xx_rcc.o(.text)
    RCC_AHB2PeriphResetCmd                   0x0801426f   Thumb Code    82  stm32f4xx_rcc.o(.text)
    RCC_AHB3PeriphResetCmd                   0x080142c1   Thumb Code    82  stm32f4xx_rcc.o(.text)
    RCC_APB1PeriphResetCmd                   0x08014313   Thumb Code    82  stm32f4xx_rcc.o(.text)
    RCC_APB2PeriphResetCmd                   0x08014365   Thumb Code    82  stm32f4xx_rcc.o(.text)
    RCC_AHB1PeriphClockLPModeCmd             0x080143b7   Thumb Code    82  stm32f4xx_rcc.o(.text)
    RCC_AHB2PeriphClockLPModeCmd             0x08014409   Thumb Code    82  stm32f4xx_rcc.o(.text)
    RCC_AHB3PeriphClockLPModeCmd             0x0801445b   Thumb Code    82  stm32f4xx_rcc.o(.text)
    RCC_APB1PeriphClockLPModeCmd             0x080144ad   Thumb Code    82  stm32f4xx_rcc.o(.text)
    RCC_APB2PeriphClockLPModeCmd             0x080144ff   Thumb Code   106  stm32f4xx_rcc.o(.text)
    RCC_ITConfig                             0x08014569   Thumb Code    74  stm32f4xx_rcc.o(.text)
    RCC_ClearFlag                            0x080145b3   Thumb Code    18  stm32f4xx_rcc.o(.text)
    RCC_GetITStatus                          0x080145c5   Thumb Code    68  stm32f4xx_rcc.o(.text)
    RCC_ClearITPendingBit                    0x08014609   Thumb Code    34  stm32f4xx_rcc.o(.text)
    SPI_I2S_DeInit                           0x08014631   Thumb Code   104  stm32f4xx_spi.o(.text)
    SPI_Init                                 0x08014699   Thumb Code   348  stm32f4xx_spi.o(.text)
    I2S_Init                                 0x080147f5   Thumb Code   508  stm32f4xx_spi.o(.text)
    SPI_StructInit                           0x080149f1   Thumb Code    24  stm32f4xx_spi.o(.text)
    I2S_StructInit                           0x08014a09   Thumb Code   104  stm32f4xx_spi.o(.text)
    SPI_Cmd                                  0x08014a71   Thumb Code    82  stm32f4xx_spi.o(.text)
    I2S_Cmd                                  0x08014ac3   Thumb Code    88  stm32f4xx_spi.o(.text)
    SPI_DataSizeConfig                       0x08014b1b   Thumb Code    78  stm32f4xx_spi.o(.text)
    SPI_BiDirectionalLineConfig              0x08014b69   Thumb Code    94  stm32f4xx_spi.o(.text)
    SPI_NSSInternalSoftwareConfig            0x08014bc7   Thumb Code    96  stm32f4xx_spi.o(.text)
    SPI_SSOutputCmd                          0x08014c27   Thumb Code    82  stm32f4xx_spi.o(.text)
    SPI_TIModeCmd                            0x08014c79   Thumb Code    82  stm32f4xx_spi.o(.text)
    I2S_FullDuplexConfig                     0x08014ccb   Thumb Code   258  stm32f4xx_spi.o(.text)
    SPI_I2S_ReceiveData                      0x08014dcd   Thumb Code    52  stm32f4xx_spi.o(.text)
    SPI_I2S_SendData                         0x08014e01   Thumb Code    54  stm32f4xx_spi.o(.text)
    SPI_CalculateCRC                         0x08014e37   Thumb Code    98  stm32f4xx_spi.o(.text)
    SPI_TransmitCRC                          0x08014e99   Thumb Code    46  stm32f4xx_spi.o(.text)
    SPI_GetCRC                               0x08014ec7   Thumb Code    74  stm32f4xx_spi.o(.text)
    SPI_GetCRCPolynomial                     0x08014f11   Thumb Code    40  stm32f4xx_spi.o(.text)
    SPI_I2S_DMACmd                           0x08014f39   Thumb Code   114  stm32f4xx_spi.o(.text)
    SPI_I2S_ITConfig                         0x08014fab   Thumb Code   138  stm32f4xx_spi.o(.text)
    SPI_I2S_GetFlagStatus                    0x08015035   Thumb Code   120  stm32f4xx_spi.o(.text)
    SPI_I2S_ClearFlag                        0x080150ad   Thumb Code    74  stm32f4xx_spi.o(.text)
    SPI_I2S_GetITStatus                      0x080150f7   Thumb Code   154  stm32f4xx_spi.o(.text)
    SPI_I2S_ClearITPendingBit                0x08015191   Thumb Code    86  stm32f4xx_spi.o(.text)
    SYSCFG_DeInit                            0x080151f9   Thumb Code    22  stm32f4xx_syscfg.o(.text)
    SYSCFG_MemoryRemapConfig                 0x0801520f   Thumb Code    34  stm32f4xx_syscfg.o(.text)
    SYSCFG_EXTILineConfig                    0x08015231   Thumb Code   186  stm32f4xx_syscfg.o(.text)
    SYSCFG_ETH_MediaInterfaceConfig          0x080152eb   Thumb Code    26  stm32f4xx_syscfg.o(.text)
    SYSCFG_CompensationCellCmd               0x08015305   Thumb Code    26  stm32f4xx_syscfg.o(.text)
    SYSCFG_GetCompensationCellStatus         0x0801531f   Thumb Code    22  stm32f4xx_syscfg.o(.text)
    TIM_DeInit                               0x0801537d   Thumb Code   440  stm32f4xx_tim.o(.text)
    TIM_TimeBaseInit                         0x08015535   Thumb Code   278  stm32f4xx_tim.o(.text)
    TIM_TimeBaseStructInit                   0x0801564b   Thumb Code    18  stm32f4xx_tim.o(.text)
    TIM_PrescalerConfig                      0x0801565d   Thumb Code   128  stm32f4xx_tim.o(.text)
    TIM_CounterModeConfig                    0x080156dd   Thumb Code   100  stm32f4xx_tim.o(.text)
    TIM_SetCounter                           0x08015741   Thumb Code   222  stm32f4xx_tim.o(.text)
    TIM_SetAutoreload                        0x0801581f   Thumb Code   108  stm32f4xx_tim.o(.text)
    TIM_GetCounter                           0x0801588b   Thumb Code   106  stm32f4xx_tim.o(.text)
    TIM_GetPrescaler                         0x080158f5   Thumb Code   106  stm32f4xx_tim.o(.text)
    TIM_UpdateDisableConfig                  0x0801595f   Thumb Code   148  stm32f4xx_tim.o(.text)
    TIM_UpdateRequestConfig                  0x080159f3   Thumb Code   148  stm32f4xx_tim.o(.text)
    TIM_ARRPreloadConfig                     0x08015a87   Thumb Code   148  stm32f4xx_tim.o(.text)
    TIM_SelectOnePulseMode                   0x08015b1b   Thumb Code   142  stm32f4xx_tim.o(.text)
    TIM_SetClockDivision                     0x08015ba9   Thumb Code   192  stm32f4xx_tim.o(.text)
    TIM_Cmd                                  0x08015c69   Thumb Code   148  stm32f4xx_tim.o(.text)
    TIM_OC1Init                              0x08015cfd   Thumb Code   416  stm32f4xx_tim.o(.text)
    TIM_OC2Init                              0x08015e9d   Thumb Code   486  stm32f4xx_tim.o(.text)
    TIM_OC3Init                              0x08016083   Thumb Code   416  stm32f4xx_tim.o(.text)
    TIM_OC4Init                              0x08016223   Thumb Code   300  stm32f4xx_tim.o(.text)
    TIM_OCStructInit                         0x0801634f   Thumb Code    20  stm32f4xx_tim.o(.text)
    TIM_SelectOCxM                           0x08016363   Thumb Code   256  stm32f4xx_tim.o(.text)
    TIM_SetCompare1                          0x08016463   Thumb Code   142  stm32f4xx_tim.o(.text)
    TIM_SetCompare2                          0x080164f1   Thumb Code    72  stm32f4xx_tim.o(.text)
    TIM_SetCompare3                          0x08016539   Thumb Code    60  stm32f4xx_tim.o(.text)
    TIM_SetCompare4                          0x08016575   Thumb Code    60  stm32f4xx_tim.o(.text)
    TIM_ForcedOC1Config                      0x080165b1   Thumb Code   130  stm32f4xx_tim.o(.text)
    TIM_ForcedOC2Config                      0x08016633   Thumb Code   114  stm32f4xx_tim.o(.text)
    TIM_ForcedOC3Config                      0x080166a5   Thumb Code    94  stm32f4xx_tim.o(.text)
    TIM_ForcedOC4Config                      0x08016703   Thumb Code   102  stm32f4xx_tim.o(.text)
    TIM_OC1PreloadConfig                     0x08016769   Thumb Code   124  stm32f4xx_tim.o(.text)
    TIM_OC2PreloadConfig                     0x080167e5   Thumb Code   108  stm32f4xx_tim.o(.text)
    TIM_OC3PreloadConfig                     0x08016851   Thumb Code   136  stm32f4xx_tim.o(.text)
    TIM_OC4PreloadConfig                     0x080168d9   Thumb Code    96  stm32f4xx_tim.o(.text)
    TIM_OC1FastConfig                        0x08016939   Thumb Code   124  stm32f4xx_tim.o(.text)
    TIM_OC2FastConfig                        0x080169b5   Thumb Code   108  stm32f4xx_tim.o(.text)
    TIM_OC3FastConfig                        0x08016a21   Thumb Code    88  stm32f4xx_tim.o(.text)
    TIM_OC4FastConfig                        0x08016a79   Thumb Code    96  stm32f4xx_tim.o(.text)
    TIM_ClearOC1Ref                          0x08016ad9   Thumb Code   124  stm32f4xx_tim.o(.text)
    TIM_ClearOC2Ref                          0x08016b55   Thumb Code   106  stm32f4xx_tim.o(.text)
    TIM_ClearOC3Ref                          0x08016bbf   Thumb Code    88  stm32f4xx_tim.o(.text)
    TIM_ClearOC4Ref                          0x08016c17   Thumb Code    94  stm32f4xx_tim.o(.text)
    TIM_OC1PolarityConfig                    0x08016c75   Thumb Code   174  stm32f4xx_tim.o(.text)
    TIM_OC1NPolarityConfig                   0x08016d23   Thumb Code    64  stm32f4xx_tim.o(.text)
    TIM_OC2PolarityConfig                    0x08016d63   Thumb Code   108  stm32f4xx_tim.o(.text)
    TIM_OC2NPolarityConfig                   0x08016dcf   Thumb Code    72  stm32f4xx_tim.o(.text)
    TIM_OC3PolarityConfig                    0x08016e17   Thumb Code    96  stm32f4xx_tim.o(.text)
    TIM_OC3NPolarityConfig                   0x08016e77   Thumb Code    72  stm32f4xx_tim.o(.text)
    TIM_OC4PolarityConfig                    0x08016ebf   Thumb Code    96  stm32f4xx_tim.o(.text)
    TIM_CCxCmd                               0x08016f1f   Thumb Code   168  stm32f4xx_tim.o(.text)
    TIM_CCxNCmd                              0x08016fc7   Thumb Code   104  stm32f4xx_tim.o(.text)
    TIM_SetIC4Prescaler                      0x0801702f   Thumb Code   106  stm32f4xx_tim.o(.text)
    TIM_SetIC3Prescaler                      0x08017119   Thumb Code    98  stm32f4xx_tim.o(.text)
    TIM_SetIC2Prescaler                      0x080171c3   Thumb Code   118  stm32f4xx_tim.o(.text)
    TIM_SetIC1Prescaler                      0x08017289   Thumb Code   134  stm32f4xx_tim.o(.text)
    TIM_ICInit                               0x08017349   Thumb Code   508  stm32f4xx_tim.o(.text)
    TIM_ICStructInit                         0x08017545   Thumb Code    18  stm32f4xx_tim.o(.text)
    TIM_PWMIConfig                           0x08017557   Thumb Code   184  stm32f4xx_tim.o(.text)
    TIM_GetCapture1                          0x0801760f   Thumb Code    92  stm32f4xx_tim.o(.text)
    TIM_GetCapture2                          0x0801766b   Thumb Code    68  stm32f4xx_tim.o(.text)
    TIM_GetCapture3                          0x080176af   Thumb Code    56  stm32f4xx_tim.o(.text)
    TIM_GetCapture4                          0x080176e7   Thumb Code    56  stm32f4xx_tim.o(.text)
    TIM_BDTRConfig                           0x0801771f   Thumb Code   222  stm32f4xx_tim.o(.text)
    TIM_BDTRStructInit                       0x080177fd   Thumb Code    18  stm32f4xx_tim.o(.text)
    TIM_CtrlPWMOutputs                       0x0801780f   Thumb Code    78  stm32f4xx_tim.o(.text)
    TIM_SelectCOM                            0x0801785d   Thumb Code    72  stm32f4xx_tim.o(.text)
    TIM_CCPreloadControl                     0x080178a5   Thumb Code    72  stm32f4xx_tim.o(.text)
    TIM_ITConfig                             0x080178ed   Thumb Code   218  stm32f4xx_tim.o(.text)
    TIM_GenerateEvent                        0x080179c7   Thumb Code   126  stm32f4xx_tim.o(.text)
    TIM_GetFlagStatus                        0x08017a45   Thumb Code   188  stm32f4xx_tim.o(.text)
    TIM_ClearFlag                            0x08017b01   Thumb Code   108  stm32f4xx_tim.o(.text)
    TIM_GetITStatus                          0x08017b6d   Thumb Code   186  stm32f4xx_tim.o(.text)
    TIM_ClearITPendingBit                    0x08017c27   Thumb Code   108  stm32f4xx_tim.o(.text)
    TIM_DMAConfig                            0x08017c93   Thumb Code   334  stm32f4xx_tim.o(.text)
    TIM_DMACmd                               0x08017de1   Thumb Code   126  stm32f4xx_tim.o(.text)
    TIM_SelectCCDMA                          0x08017e5f   Thumb Code    96  stm32f4xx_tim.o(.text)
    TIM_InternalClockConfig                  0x08017ebf   Thumb Code    76  stm32f4xx_tim.o(.text)
    TIM_SelectInputTrigger                   0x08017f0b   Thumb Code   148  stm32f4xx_tim.o(.text)
    TIM_ITRxExternalClockConfig              0x08017f9f   Thumb Code   110  stm32f4xx_tim.o(.text)
    TIM_TIxExternalClockConfig               0x0801800d   Thumb Code   184  stm32f4xx_tim.o(.text)
    TIM_ETRConfig                            0x080180c5   Thumb Code   164  stm32f4xx_tim.o(.text)
    TIM_ETRClockMode1Config                  0x08018169   Thumb Code   228  stm32f4xx_tim.o(.text)
    TIM_ETRClockMode2Config                  0x0801824d   Thumb Code   152  stm32f4xx_tim.o(.text)
    TIM_SelectOutputTrigger                  0x080182e5   Thumb Code   126  stm32f4xx_tim.o(.text)
    TIM_SelectSlaveMode                      0x08018363   Thumb Code   112  stm32f4xx_tim.o(.text)
    TIM_SelectMasterSlaveMode                0x080183d3   Thumb Code   102  stm32f4xx_tim.o(.text)
    TIM_EncoderInterfaceConfig               0x08018439   Thumb Code   226  stm32f4xx_tim.o(.text)
    TIM_SelectHallSensor                     0x0801851b   Thumb Code   108  stm32f4xx_tim.o(.text)
    TIM_RemapConfig                          0x08018587   Thumb Code   138  stm32f4xx_tim.o(.text)
    USART_DeInit                             0x08018611   Thumb Code   202  stm32f4xx_usart.o(.text)
    USART_Init                               0x080186db   Thumb Code   456  stm32f4xx_usart.o(.text)
    USART_StructInit                         0x080188a3   Thumb Code    24  stm32f4xx_usart.o(.text)
    USART_ClockInit                          0x080188bb   Thumb Code   166  stm32f4xx_usart.o(.text)
    USART_ClockStructInit                    0x08018961   Thumb Code    12  stm32f4xx_usart.o(.text)
    USART_Cmd                                0x0801896d   Thumb Code    96  stm32f4xx_usart.o(.text)
    USART_SetPrescaler                       0x080189cd   Thumb Code   160  stm32f4xx_usart.o(.text)
    USART_OverSampling8Cmd                   0x08018a6d   Thumb Code    98  stm32f4xx_usart.o(.text)
    USART_OneBitMethodCmd                    0x08018acf   Thumb Code   100  stm32f4xx_usart.o(.text)
    USART_SendData                           0x08018b33   Thumb Code    84  stm32f4xx_usart.o(.text)
    USART_ReceiveData                        0x08018b87   Thumb Code    62  stm32f4xx_usart.o(.text)
    USART_SetAddress                         0x08018bc5   Thumb Code    92  stm32f4xx_usart.o(.text)
    USART_ReceiverWakeUpCmd                  0x08018c21   Thumb Code   100  stm32f4xx_usart.o(.text)
    USART_WakeUpConfig                       0x08018c85   Thumb Code    96  stm32f4xx_usart.o(.text)
    USART_LINBreakDetectLengthConfig         0x08018ce5   Thumb Code    94  stm32f4xx_usart.o(.text)
    USART_LINCmd                             0x08018d43   Thumb Code   100  stm32f4xx_usart.o(.text)
    USART_SendBreak                          0x08018da7   Thumb Code    64  stm32f4xx_usart.o(.text)
    USART_HalfDuplexCmd                      0x08018de7   Thumb Code   100  stm32f4xx_usart.o(.text)
    USART_SetGuardTime                       0x08018e4b   Thumb Code    86  stm32f4xx_usart.o(.text)
    USART_SmartCardCmd                       0x08018ea1   Thumb Code    88  stm32f4xx_usart.o(.text)
    USART_SmartCardNACKCmd                   0x08018ef9   Thumb Code    88  stm32f4xx_usart.o(.text)
    USART_IrDAConfig                         0x08018f51   Thumb Code    94  stm32f4xx_usart.o(.text)
    USART_IrDACmd                            0x08018faf   Thumb Code   100  stm32f4xx_usart.o(.text)
    USART_DMACmd                             0x08019013   Thumb Code   120  stm32f4xx_usart.o(.text)
    USART_ITConfig                           0x0801908b   Thumb Code   268  stm32f4xx_usart.o(.text)
    USART_GetFlagStatus                      0x08019197   Thumb Code   176  stm32f4xx_usart.o(.text)
    USART_ClearFlag                          0x08019247   Thumb Code   160  stm32f4xx_usart.o(.text)
    USART_GetITStatus                        0x080192e7   Thumb Code   284  stm32f4xx_usart.o(.text)
    USART_ClearITPendingBit                  0x08019403   Thumb Code   170  stm32f4xx_usart.o(.text)
    SystemInit                               0x080195a1   Thumb Code    88  system_stm32f4xx.o(.text)
    SystemCoreClockUpdate                    0x080195f9   Thumb Code   174  system_stm32f4xx.o(.text)
    Reset_Handler                            0x080196d5   Thumb Code     8  startup_stm32f4xx.o(.text)
    HardFault_Handler                        0x080196df   Thumb Code     2  startup_stm32f4xx.o(.text)
    PendSV_Handler                           0x080196eb   Thumb Code     2  startup_stm32f4xx.o(.text)
    ADC_IRQHandler                           0x080196ef   Thumb Code     0  startup_stm32f4xx.o(.text)
    CAN1_RX0_IRQHandler                      0x080196ef   Thumb Code     0  startup_stm32f4xx.o(.text)
    CAN1_RX1_IRQHandler                      0x080196ef   Thumb Code     0  startup_stm32f4xx.o(.text)
    CAN1_SCE_IRQHandler                      0x080196ef   Thumb Code     0  startup_stm32f4xx.o(.text)
    CAN1_TX_IRQHandler                       0x080196ef   Thumb Code     0  startup_stm32f4xx.o(.text)
    CAN2_RX0_IRQHandler                      0x080196ef   Thumb Code     0  startup_stm32f4xx.o(.text)
    CAN2_RX1_IRQHandler                      0x080196ef   Thumb Code     0  startup_stm32f4xx.o(.text)
    CAN2_SCE_IRQHandler                      0x080196ef   Thumb Code     0  startup_stm32f4xx.o(.text)
    CAN2_TX_IRQHandler                       0x080196ef   Thumb Code     0  startup_stm32f4xx.o(.text)
    CRYP_IRQHandler                          0x080196ef   Thumb Code     0  startup_stm32f4xx.o(.text)
    DCMI_IRQHandler                          0x080196ef   Thumb Code     0  startup_stm32f4xx.o(.text)
    DMA1_Stream0_IRQHandler                  0x080196ef   Thumb Code     0  startup_stm32f4xx.o(.text)
    DMA1_Stream1_IRQHandler                  0x080196ef   Thumb Code     0  startup_stm32f4xx.o(.text)
    DMA1_Stream2_IRQHandler                  0x080196ef   Thumb Code     0  startup_stm32f4xx.o(.text)
    DMA1_Stream3_IRQHandler                  0x080196ef   Thumb Code     0  startup_stm32f4xx.o(.text)
    DMA1_Stream4_IRQHandler                  0x080196ef   Thumb Code     0  startup_stm32f4xx.o(.text)
    DMA1_Stream5_IRQHandler                  0x080196ef   Thumb Code     0  startup_stm32f4xx.o(.text)
    DMA1_Stream6_IRQHandler                  0x080196ef   Thumb Code     0  startup_stm32f4xx.o(.text)
    DMA1_Stream7_IRQHandler                  0x080196ef   Thumb Code     0  startup_stm32f4xx.o(.text)
    DMA2_Stream0_IRQHandler                  0x080196ef   Thumb Code     0  startup_stm32f4xx.o(.text)
    DMA2_Stream1_IRQHandler                  0x080196ef   Thumb Code     0  startup_stm32f4xx.o(.text)
    DMA2_Stream2_IRQHandler                  0x080196ef   Thumb Code     0  startup_stm32f4xx.o(.text)
    DMA2_Stream3_IRQHandler                  0x080196ef   Thumb Code     0  startup_stm32f4xx.o(.text)
    DMA2_Stream4_IRQHandler                  0x080196ef   Thumb Code     0  startup_stm32f4xx.o(.text)
    DMA2_Stream5_IRQHandler                  0x080196ef   Thumb Code     0  startup_stm32f4xx.o(.text)
    DMA2_Stream6_IRQHandler                  0x080196ef   Thumb Code     0  startup_stm32f4xx.o(.text)
    DMA2_Stream7_IRQHandler                  0x080196ef   Thumb Code     0  startup_stm32f4xx.o(.text)
    ETH_IRQHandler                           0x080196ef   Thumb Code     0  startup_stm32f4xx.o(.text)
    ETH_WKUP_IRQHandler                      0x080196ef   Thumb Code     0  startup_stm32f4xx.o(.text)
    EXTI0_IRQHandler                         0x080196ef   Thumb Code     0  startup_stm32f4xx.o(.text)
    EXTI15_10_IRQHandler                     0x080196ef   Thumb Code     0  startup_stm32f4xx.o(.text)
    EXTI1_IRQHandler                         0x080196ef   Thumb Code     0  startup_stm32f4xx.o(.text)
    EXTI2_IRQHandler                         0x080196ef   Thumb Code     0  startup_stm32f4xx.o(.text)
    EXTI3_IRQHandler                         0x080196ef   Thumb Code     0  startup_stm32f4xx.o(.text)
    EXTI4_IRQHandler                         0x080196ef   Thumb Code     0  startup_stm32f4xx.o(.text)
    FLASH_IRQHandler                         0x080196ef   Thumb Code     0  startup_stm32f4xx.o(.text)
    FPU_IRQHandler                           0x080196ef   Thumb Code     0  startup_stm32f4xx.o(.text)
    FSMC_IRQHandler                          0x080196ef   Thumb Code     0  startup_stm32f4xx.o(.text)
    HASH_RNG_IRQHandler                      0x080196ef   Thumb Code     0  startup_stm32f4xx.o(.text)
    I2C1_ER_IRQHandler                       0x080196ef   Thumb Code     0  startup_stm32f4xx.o(.text)
    I2C1_EV_IRQHandler                       0x080196ef   Thumb Code     0  startup_stm32f4xx.o(.text)
    I2C2_ER_IRQHandler                       0x080196ef   Thumb Code     0  startup_stm32f4xx.o(.text)
    I2C2_EV_IRQHandler                       0x080196ef   Thumb Code     0  startup_stm32f4xx.o(.text)
    I2C3_ER_IRQHandler                       0x080196ef   Thumb Code     0  startup_stm32f4xx.o(.text)
    I2C3_EV_IRQHandler                       0x080196ef   Thumb Code     0  startup_stm32f4xx.o(.text)
    OTG_FS_WKUP_IRQHandler                   0x080196ef   Thumb Code     0  startup_stm32f4xx.o(.text)
    OTG_HS_EP1_IN_IRQHandler                 0x080196ef   Thumb Code     0  startup_stm32f4xx.o(.text)
    OTG_HS_EP1_OUT_IRQHandler                0x080196ef   Thumb Code     0  startup_stm32f4xx.o(.text)
    OTG_HS_IRQHandler                        0x080196ef   Thumb Code     0  startup_stm32f4xx.o(.text)
    OTG_HS_WKUP_IRQHandler                   0x080196ef   Thumb Code     0  startup_stm32f4xx.o(.text)
    PVD_IRQHandler                           0x080196ef   Thumb Code     0  startup_stm32f4xx.o(.text)
    RCC_IRQHandler                           0x080196ef   Thumb Code     0  startup_stm32f4xx.o(.text)
    RTC_Alarm_IRQHandler                     0x080196ef   Thumb Code     0  startup_stm32f4xx.o(.text)
    RTC_WKUP_IRQHandler                      0x080196ef   Thumb Code     0  startup_stm32f4xx.o(.text)
    SDIO_IRQHandler                          0x080196ef   Thumb Code     0  startup_stm32f4xx.o(.text)
    SPI1_IRQHandler                          0x080196ef   Thumb Code     0  startup_stm32f4xx.o(.text)
    SPI2_IRQHandler                          0x080196ef   Thumb Code     0  startup_stm32f4xx.o(.text)
    SPI3_IRQHandler                          0x080196ef   Thumb Code     0  startup_stm32f4xx.o(.text)
    TAMP_STAMP_IRQHandler                    0x080196ef   Thumb Code     0  startup_stm32f4xx.o(.text)
    TIM1_BRK_TIM9_IRQHandler                 0x080196ef   Thumb Code     0  startup_stm32f4xx.o(.text)
    TIM1_CC_IRQHandler                       0x080196ef   Thumb Code     0  startup_stm32f4xx.o(.text)
    TIM1_TRG_COM_TIM11_IRQHandler            0x080196ef   Thumb Code     0  startup_stm32f4xx.o(.text)
    TIM1_UP_TIM10_IRQHandler                 0x080196ef   Thumb Code     0  startup_stm32f4xx.o(.text)
    TIM2_IRQHandler                          0x080196ef   Thumb Code     0  startup_stm32f4xx.o(.text)
    TIM5_IRQHandler                          0x080196ef   Thumb Code     0  startup_stm32f4xx.o(.text)
    TIM6_DAC_IRQHandler                      0x080196ef   Thumb Code     0  startup_stm32f4xx.o(.text)
    TIM7_IRQHandler                          0x080196ef   Thumb Code     0  startup_stm32f4xx.o(.text)
    TIM8_BRK_TIM12_IRQHandler                0x080196ef   Thumb Code     0  startup_stm32f4xx.o(.text)
    TIM8_CC_IRQHandler                       0x080196ef   Thumb Code     0  startup_stm32f4xx.o(.text)
    TIM8_TRG_COM_TIM14_IRQHandler            0x080196ef   Thumb Code     0  startup_stm32f4xx.o(.text)
    TIM8_UP_TIM13_IRQHandler                 0x080196ef   Thumb Code     0  startup_stm32f4xx.o(.text)
    WWDG_IRQHandler                          0x080196ef   Thumb Code     0  startup_stm32f4xx.o(.text)
    usbd_init                                0x080196f9   Thumb Code    22  usbd_core.o(.text)
    usbd_connect                             0x0801970f   Thumb Code    12  usbd_core.o(.text)
    usbd_reset_core                          0x0801971b   Thumb Code    38  usbd_core.o(.text)
    usbd_configured                          0x08019741   Thumb Code    14  usbd_core.o(.text)
    USBD_SetupStage                          0x0801974f   Thumb Code    12  usbd_core.o(.text)
    USBD_DataInStage                         0x0801975b   Thumb Code    66  usbd_core.o(.text)
    USBD_DataOutStage                        0x0801979d   Thumb Code    34  usbd_core.o(.text)
    USBD_StatusInStage                       0x080197bf   Thumb Code    14  usbd_core.o(.text)
    USBD_StatusOutStage                      0x080197cd   Thumb Code    12  usbd_core.o(.text)
    USBD_ReqGetStatus                        0x080197d9   Thumb Code   160  usbd_core.o(.text)
    USBD_ReqSetClrFeature                    0x08019879   Thumb Code   216  usbd_core.o(.text)
    USBD_ReqGetDescriptor                    0x08019951   Thumb Code   380  usbd_core.o(.text)
    USBD_ReqGetConfiguration                 0x08019acd   Thumb Code   122  usbd_core.o(.text)
    USBD_ReqSetConfiguration                 0x08019b47   Thumb Code   432  usbd_core.o(.text)
    USBD_ReqGetInterface                     0x08019cf7   Thumb Code    60  usbd_core.o(.text)
    USBD_ReqSetInterface                     0x08019d33   Thumb Code   308  usbd_core.o(.text)
    USBD_EndPoint0                           0x08019e67   Thumb Code   680  usbd_core.o(.text)
    USBD_ReqGetDescriptor_HID                0x0801a129   Thumb Code   132  usbd_core_hid.o(.text)
    USBD_EndPoint0_Setup_HID_ReqToIF         0x0801a1ad   Thumb Code   200  usbd_core_hid.o(.text)
    USBD_EndPoint0_Out_HID_ReqToIF           0x0801a275   Thumb Code    44  usbd_core_hid.o(.text)
    usbd_hid_init                            0x0801a2d9   Thumb Code     2  usbd_hid.o(.text)
    usbd_hid_get_protocol                    0x0801a2e9   Thumb Code     4  usbd_hid.o(.text)
    usbd_hid_set_protocol                    0x0801a2ed   Thumb Code     2  usbd_hid.o(.text)
    USBD_HID_GetReport                       0x0801a2ef   Thumb Code    54  usbd_hid.o(.text)
    USBD_HID_SetReport                       0x0801a325   Thumb Code    58  usbd_hid.o(.text)
    USBD_HID_GetIdle                         0x0801a35f   Thumb Code    16  usbd_hid.o(.text)
    USBD_HID_SetIdle                         0x0801a36f   Thumb Code    48  usbd_hid.o(.text)
    USBD_HID_GetProtocol                     0x0801a39f   Thumb Code    14  usbd_hid.o(.text)
    USBD_HID_SetProtocol                     0x0801a3ad   Thumb Code    14  usbd_hid.o(.text)
    USBD_HID_EP_INTIN_Event                  0x0801a3bb   Thumb Code   422  usbd_hid.o(.text)
    USBD_HID_EP_INTOUT_Event                 0x0801a561   Thumb Code   148  usbd_hid.o(.text)
    USBD_HID_Configure_Event                 0x0801a5f5   Thumb Code    48  usbd_hid.o(.text)
    USBD_HID_EP_INT_Event                    0x0801a625   Thumb Code    30  usbd_hid.o(.text)
    USBD_HID_SOF_Event                       0x0801a643   Thumb Code   460  usbd_hid.o(.text)
    usbd_hid_get_report_trigger              0x0801a80f   Thumb Code   148  usbd_hid.o(.text)
    __aeabi_memcpy                           0x0801a8dd   Thumb Code    36  memcpya.o(.text)
    __aeabi_memcpy4                          0x0801a8dd   Thumb Code     0  memcpya.o(.text)
    __aeabi_memcpy8                          0x0801a8dd   Thumb Code     0  memcpya.o(.text)
    __aeabi_dadd                             0x0801a901   Thumb Code   322  dadd.o(.text)
    __aeabi_dsub                             0x0801aa43   Thumb Code     6  dadd.o(.text)
    __aeabi_drsub                            0x0801aa49   Thumb Code     6  dadd.o(.text)
    __aeabi_dmul                             0x0801aa4f   Thumb Code   228  dmul.o(.text)
    __aeabi_ddiv                             0x0801ab33   Thumb Code   222  ddiv.o(.text)
    __aeabi_i2d                              0x0801ac11   Thumb Code    34  dflti.o(.text)
    __aeabi_d2iz                             0x0801ac33   Thumb Code    62  dfixi.o(.text)
    __aeabi_d2uiz                            0x0801ac71   Thumb Code    50  dfixui.o(.text)
    __aeabi_f2d                              0x0801aca3   Thumb Code    38  f2d.o(.text)
    __aeabi_cdcmpeq                          0x0801acc9   Thumb Code     0  cdcmple.o(.text)
    __aeabi_cdcmple                          0x0801acc9   Thumb Code    48  cdcmple.o(.text)
    __aeabi_cdrcmple                         0x0801acf9   Thumb Code    48  cdrcmple.o(.text)
    __aeabi_d2f                              0x0801ad29   Thumb Code    56  d2f.o(.text)
    __aeabi_llsl                             0x0801ad61   Thumb Code    30  llshl.o(.text)
    _ll_shift_l                              0x0801ad61   Thumb Code     0  llshl.o(.text)
    __aeabi_llsr                             0x0801ad7f   Thumb Code    32  llushr.o(.text)
    _ll_ushift_r                             0x0801ad7f   Thumb Code     0  llushr.o(.text)
    __aeabi_lasr                             0x0801ad9f   Thumb Code    36  llsshr.o(.text)
    _ll_sshift_r                             0x0801ad9f   Thumb Code     0  llsshr.o(.text)
    __I$use$fp                               0x0801adc3   Thumb Code     0  iusefp.o(.text)
    _float_round                             0x0801adc3   Thumb Code    18  fepilogue.o(.text)
    _float_epilogue                          0x0801add5   Thumb Code    92  fepilogue.o(.text)
    _double_round                            0x0801ae31   Thumb Code    30  depilogue.o(.text)
    _double_epilogue                         0x0801ae4f   Thumb Code   156  depilogue.o(.text)
    __scatterload                            0x0801aeed   Thumb Code    28  init.o(.text)
    __scatterload_rt2                        0x0801aeed   Thumb Code     0  init.o(.text)
    __decompress                             0x0801af11   Thumb Code     0  __dczerorl2.o(.text)
    __decompress1                            0x0801af11   Thumb Code    86  __dczerorl2.o(.text)
    __scatterload_copy                       0x0801af67   Thumb Code    14  handlers.o(i.__scatterload_copy)
    __scatterload_null                       0x0801af75   Thumb Code     2  handlers.o(i.__scatterload_null)
    __scatterload_zeroinit                   0x0801af77   Thumb Code    14  handlers.o(i.__scatterload_zeroinit)
    usbd_power                               0x0801af84   Data           1  usb_config.o(.constdata)
    usbd_hs_enable                           0x0801af85   Data           1  usb_config.o(.constdata)
    usbd_if_num                              0x0801af86   Data           2  usb_config.o(.constdata)
    usbd_ep_num                              0x0801af88   Data           1  usb_config.o(.constdata)
    usbd_max_packet0                         0x0801af89   Data           1  usb_config.o(.constdata)
    usbd_hid_if_num                          0x0801af8a   Data           1  usb_config.o(.constdata)
    usbd_hid_ep_intin                        0x0801af8b   Data           1  usb_config.o(.constdata)
    usbd_hid_ep_intout                       0x0801af8c   Data           1  usb_config.o(.constdata)
    usbd_hid_interval                        0x0801af8e   Data           4  usb_config.o(.constdata)
    usbd_hid_maxpacketsize                   0x0801af92   Data           4  usb_config.o(.constdata)
    usbd_hid_inreport_num                    0x0801af96   Data           1  usb_config.o(.constdata)
    usbd_hid_outreport_num                   0x0801af97   Data           1  usb_config.o(.constdata)
    usbd_hid_inreport_max_sz                 0x0801af98   Data           2  usb_config.o(.constdata)
    usbd_hid_outreport_max_sz                0x0801af9a   Data           2  usb_config.o(.constdata)
    usbd_hid_featreport_max_sz               0x0801af9c   Data           2  usb_config.o(.constdata)
    USBD_P_Power_Event                       0x0801afa0   Data           4  usb_config.o(.constdata)
    USBD_P_Reset_Event                       0x0801afa4   Data           4  usb_config.o(.constdata)
    USBD_P_Suspend_Event                     0x0801afa8   Data           4  usb_config.o(.constdata)
    USBD_P_Resume_Event                      0x0801afac   Data           4  usb_config.o(.constdata)
    USBD_P_WakeUp_Event                      0x0801afb0   Data           4  usb_config.o(.constdata)
    USBD_P_SOF_Event                         0x0801afb4   Data           4  usb_config.o(.constdata)
    USBD_P_Error_Event                       0x0801afb8   Data           4  usb_config.o(.constdata)
    USBD_P_EP                                0x0801afbc   Data          64  usb_config.o(.constdata)
    USBD_P_Configure_Event                   0x0801affc   Data           4  usb_config.o(.constdata)
    USBD_P_Interface_Event                   0x0801b000   Data           4  usb_config.o(.constdata)
    USBD_P_Feature_Event                     0x0801b004   Data           4  usb_config.o(.constdata)
    __rtx                                    0x0801b008   Data           4  usb_config.o(.constdata)
    USBD_HID_ReportDescriptor                0x0801b00c   Data          33  usb_config.o(.constdata)
    USBD_HID_ReportDescriptorSize            0x0801b02e   Data           2  usb_config.o(.constdata)
    USBD_HID_DescriptorOffset                0x0801b030   Data           2  usb_config.o(.constdata)
    USBD_DeviceDescriptor                    0x0801b032   Data          18  usb_config.o(.constdata)
    USBD_DeviceQualifier                     0x0801b044   Data           1  usb_config.o(.constdata)
    USBD_DeviceQualifier_HS                  0x0801b045   Data           1  usb_config.o(.constdata)
    USBD_ConfigDescriptor                    0x0801b046   Data          42  usb_config.o(.constdata)
    USBD_ConfigDescriptor_HS                 0x0801b070   Data           1  usb_config.o(.constdata)
    USBD_OtherSpeedConfigDescriptor          0x0801b071   Data           1  usb_config.o(.constdata)
    USBD_OtherSpeedConfigDescriptor_HS       0x0801b072   Data           1  usb_config.o(.constdata)
    USBD_StringDescriptor                    0x0801b074   Data         132  usb_config.o(.constdata)
    fast_atan_table                          0x0801b0f8   Data        1028  ano_math.o(.constdata)
    gps_petrol_out_config                    0x0801b4fc   Data          28  drv_gps.o(.constdata)
    gps_pvt_out_config                       0x0801b518   Data          90  drv_gps.o(.constdata)
    gps_rate_out_config                      0x0801b572   Data          16  drv_gps.o(.constdata)
    Enter_Send                               0x0801b582   Data           9  drv_gps.o(.constdata)
    Region$$Table$$Base                      0x0801b6d0   Number         0  anon$$obj.o(Region$$Table)
    Region$$Table$$Limit                     0x0801b6f0   Number         0  anon$$obj.o(Region$$Table)
    of_init_type                             0x20000054   Data           1  bsp_init.o(.data)
    checkdata_to_send                        0x20000056   Data           1  ano_dt.o(.data)
    checksum_to_send                         0x20000057   Data           1  ano_dt.o(.data)
    flash_save_en_cnt                        0x2000005a   Data           2  ano_dt.o(.data)
    chn_en_bit                               0x20000079   Data           1  ano_rc.o(.data)
    signal_intensity                         0x2000007a   Data           2  ano_rc.o(.data)
    unlock_f                                 0x2000007c   Data           2  ano_rc.o(.data)
    stick_fun_0                              0x2000007e   Data           1  ano_rc.o(.data)
    unlock_time                              0x20000080   Data           2  ano_rc.o(.data)
    test_si_cnt                              0x20000082   Data           2  ano_rc.o(.data)
    cali_gyro                                0x20000084   Data           2  ano_rc.o(.data)
    cali_acc                                 0x20000086   Data           2  ano_rc.o(.data)
    cali_surface                             0x20000088   Data           2  ano_rc.o(.data)
    cali_mag                                 0x2000008a   Data           4  ano_rc.o(.data)
    stick_fun_1                              0x2000008e   Data           1  ano_rc.o(.data)
    stick_fun_2                              0x2000008f   Data           1  ano_rc.o(.data)
    stick_fun_3                              0x20000090   Data           1  ano_rc.o(.data)
    stick_fun_4                              0x20000091   Data           1  ano_rc.o(.data)
    stick_fun_5_magcali                      0x20000092   Data           1  ano_rc.o(.data)
    OF_STATE                                 0x20000098   Data           1  ano_of.o(.data)
    OF_QUALITY                               0x20000099   Data           1  ano_of.o(.data)
    OF_DX                                    0x2000009a   Data           1  ano_of.o(.data)
    OF_DY                                    0x2000009b   Data           1  ano_of.o(.data)
    OF_DX2                                   0x2000009c   Data           2  ano_of.o(.data)
    OF_DY2                                   0x2000009e   Data           2  ano_of.o(.data)
    OF_DX2FIX                                0x200000a0   Data           2  ano_of.o(.data)
    OF_DY2FIX                                0x200000a2   Data           2  ano_of.o(.data)
    OF_ALT                                   0x200000a4   Data           2  ano_of.o(.data)
    OF_ALT2                                  0x200000a6   Data           2  ano_of.o(.data)
    OF_GYR_X                                 0x200000a8   Data           2  ano_of.o(.data)
    OF_GYR_Y                                 0x200000aa   Data           2  ano_of.o(.data)
    OF_GYR_Z                                 0x200000ac   Data           2  ano_of.o(.data)
    OF_GYR_X2                                0x200000ae   Data           2  ano_of.o(.data)
    OF_GYR_Y2                                0x200000b0   Data           2  ano_of.o(.data)
    OF_GYR_Z2                                0x200000b2   Data           2  ano_of.o(.data)
    OF_ACC_X                                 0x200000b4   Data           2  ano_of.o(.data)
    OF_ACC_Y                                 0x200000b6   Data           2  ano_of.o(.data)
    OF_ACC_Z                                 0x200000b8   Data           2  ano_of.o(.data)
    OF_ACC_X2                                0x200000ba   Data           2  ano_of.o(.data)
    OF_ACC_Y2                                0x200000bc   Data           2  ano_of.o(.data)
    OF_ACC_Z2                                0x200000be   Data           2  ano_of.o(.data)
    OF_ATT_ROL                               0x200000c0   Data           4  ano_of.o(.data)
    OF_ATT_PIT                               0x200000c4   Data           4  ano_of.o(.data)
    OF_ATT_YAW                               0x200000c8   Data           4  ano_of.o(.data)
    OF_ATT_S1                                0x200000cc   Data           4  ano_of.o(.data)
    OF_ATT_S2                                0x200000d0   Data           4  ano_of.o(.data)
    OF_ATT_S3                                0x200000d4   Data           4  ano_of.o(.data)
    OF_ATT_S4                                0x200000d8   Data           4  ano_of.o(.data)
    HID_SEND_TIMEOUT                         0x200000e6   Data           1  ano_usb.o(.data)
    hid_datatemp_begin                       0x200000e7   Data           1  ano_usb.o(.data)
    hid_datatemp_end                         0x200000e8   Data           1  ano_usb.o(.data)
    USBD_AltSetting                          0x200000ea   Data           1  usb_config.o(.data)
    USBD_HID_PollingCnt                      0x200000ec   Data           2  usb_config.o(.data)
    USBD_HID_IdleCnt                         0x200000ee   Data           1  usb_config.o(.data)
    USBD_HID_IdleReload                      0x200000ef   Data           1  usb_config.o(.data)
    USBD_HID_IdleSet                         0x200000f0   Data           1  usb_config.o(.data)
    USBD_HID_FeatReport                      0x200000f1   Data           2  usb_config.o(.data)
    opmv_ct_sta                              0x20000101   Data           3  ano_opmv_ctrl.o(.data)
    of_buf_update_flag                       0x20000134   Data           1  ano_of_decofusion.o(.data)
    of_rot_d_degs                            0x20000138   Data           8  ano_of_decofusion.o(.data)
    of_fus_err                               0x20000140   Data           8  ano_of_decofusion.o(.data)
    of_fus_err_i                             0x20000148   Data           8  ano_of_decofusion.o(.data)
    switchs                                  0x20000164   Data           8  ano_fcdata.o(.data)
    imu_data                                 0x20000178   Data         232  ano_imu.o(.data)
    imu_state                                0x20000294   Data          24  ano_imu.o(.data)
    ref_height_old                           0x200002cc   Data           4  ano_motioncal.o(.data)
    ref_speed_old                            0x200002d0   Data           4  ano_motioncal.o(.data)
    wcz_ref_height                           0x200002d4   Data           4  ano_motioncal.o(.data)
    wcz_ref_speed                            0x200002d8   Data           4  ano_motioncal.o(.data)
    wcz_ref_acc                              0x200002dc   Data           4  ano_motioncal.o(.data)
    acc_z_auto                               0x200002e8   Data           8  ano_sensor_basic.o(.data)
    acc_sum_cnt                              0x200002f0   Data           2  ano_sensor_basic.o(.data)
    gyro_sum_cnt                             0x200002f2   Data           2  ano_sensor_basic.o(.data)
    acc_z_auto_cnt                           0x200002f4   Data           2  ano_sensor_basic.o(.data)
    g_old                                    0x200002f6   Data           6  ano_sensor_basic.o(.data)
    g_d_sum                                  0x200002fc   Data          12  ano_sensor_basic.o(.data)
    roll_gz_comp                             0x20000308   Data           2  ano_sensor_basic.o(.data)
    wh_matrix                                0x2000030c   Data          36  ano_sensor_basic.o(.data)
    flying_cnt                               0x20000356   Data           2  ano_flightctrl.o(.data)
    landing_cnt                              0x20000358   Data           2  ano_flightctrl.o(.data)
    stop_baro_hpf                            0x2000035c   Data           4  ano_flightctrl.o(.data)
    jsdata                                   0x2000036c   Data           6  ano_flightctrl.o(.data)
    speed_mode_old                           0x20000372   Data           1  ano_flightctrl.o(.data)
    flight_mode_old                          0x20000373   Data           1  ano_flightctrl.o(.data)
    vel_fb_d_lpf                             0x2000038c   Data           8  ano_locctrl.o(.data)
    vel_fb_h                                 0x20000394   Data           8  ano_locctrl.o(.data)
    vel_fb_w                                 0x2000039c   Data           8  ano_locctrl.o(.data)
    vel_fb_fix_w                             0x200003a4   Data           8  ano_locctrl.o(.data)
    mag                                      0x200003c4   Data           8  ano_magprocess.o(.data)
    Plane_Votage                             0x200003d8   Data           4  ano_power.o(.data)
    test_time_cnt                            0x200003e4   Data           2  ano_flightdatacal.o(.data)
    baro_height                              0x200003f0   Data           4  ano_flightdatacal.o(.data)
    baro_h_offset                            0x200003f4   Data           4  ano_flightdatacal.o(.data)
    ref_height_get_1                         0x200003f8   Data           4  ano_flightdatacal.o(.data)
    ref_height_get_2                         0x200003fc   Data           4  ano_flightdatacal.o(.data)
    ref_height_used                          0x20000400   Data           4  ano_flightdatacal.o(.data)
    baro2tof_offset                          0x20000404   Data           4  ano_flightdatacal.o(.data)
    tof2baro_offset                          0x20000408   Data           4  ano_flightdatacal.o(.data)
    baro_fix1                                0x2000040c   Data           4  ano_flightdatacal.o(.data)
    baro_fix2                                0x20000410   Data           4  ano_flightdatacal.o(.data)
    baro_fix                                 0x20000414   Data           4  ano_flightdatacal.o(.data)
    wcz_acc_use                              0x2000041c   Data           4  ano_flightdatacal.o(.data)
    ref_tof_height                           0x20000420   Data           2  ano_flightdatacal.o(.data)
    led_accuracy                             0x20000428   Data           2  drv_led.o(.data)
    LED_Brightness                           0x2000042c   Data          16  drv_led.o(.data)
    AdcValue                                 0x20000450   Data           2  drv_adc.o(.data)
    para_sta                                 0x20000452   Data           4  ano_parameter.o(.data)
    INIT_DUTY                                0x2000047c   Data           4  drv_pwm_out.o(.data)
    sysTickUptime                            0x20000480   Data           4  drv_time.o(.data)
    systime_ms                               0x20000484   Data           4  drv_time.o(.data)
    TxCounter                                0x20000488   Data           1  drv_usart.o(.data)
    count                                    0x20000489   Data           1  drv_usart.o(.data)
    Tx3Counter                               0x2000048a   Data           1  drv_usart.o(.data)
    count3                                   0x2000048b   Data           1  drv_usart.o(.data)
    Tx4Counter                               0x2000048c   Data           1  drv_usart.o(.data)
    count4                                   0x2000048d   Data           1  drv_usart.o(.data)
    Tx5Counter                               0x2000048e   Data           1  drv_usart.o(.data)
    count5                                   0x2000048f   Data           1  drv_usart.o(.data)
    baro_Offset                              0x2000049c   Data           4  drv_spl06.o(.data)
    alt_3                                    0x200004a0   Data           4  drv_spl06.o(.data)
    height                                   0x200004a4   Data           4  drv_spl06.o(.data)
    baro_start                               0x200004a8   Data           1  drv_spl06.o(.data)
    temperature                              0x200004ac   Data           4  drv_spl06.o(.data)
    alt_high                                 0x200004b0   Data           4  drv_spl06.o(.data)
    baro_pressure                            0x200004b4   Data           4  drv_spl06.o(.data)
    OutMaxPacketSize                         0x200004b8   Data          16  usbd_stm32f4xx_fs.o(.data)
    InPacketDataPtr                          0x200004c8   Data          16  usbd_stm32f4xx_fs.o(.data)
    InPacketDataReady                        0x200004d8   Data           4  usbd_stm32f4xx_fs.o(.data)
    SyncWriteEP                              0x200004dc   Data           4  usbd_stm32f4xx_fs.o(.data)
    IsoOutTokenRead                          0x200004e0   Data           4  usbd_stm32f4xx_fs.o(.data)
    len                                      0x200004e8   Data           2  drv_gps.o(.data)
    wcx_acc_use                              0x200004ec   Data           4  drv_gps.o(.data)
    wcy_acc_use                              0x200004f0   Data           4  drv_gps.o(.data)
    GPS_get_cnt                              0x200004f4   Data           1  drv_gps.o(.data)
    temperature_err                          0x20000504   Data           4  drv_heating.o(.data)
    temperature_err_i                        0x20000508   Data           4  drv_heating.o(.data)
    temperature_diff                         0x2000050c   Data           4  drv_heating.o(.data)
    temperature_ctrl_val                     0x20000510   Data           4  drv_heating.o(.data)
    sbus_flag                                0x20000518   Data           1  drv_sbus.o(.data)
    LASER_LINKOK                             0x20000524   Data           1  drv_laser.o(.data)
    Laser_height_cm                          0x20000526   Data           2  drv_laser.o(.data)
    offline_check_time                       0x2000052a   Data           2  drv_openmv.o(.data)
    of_init_cnt                              0x2000052e   Data           1  drv_up_flow.o(.data)
    of_buf_update_cnt                        0x2000052f   Data           1  drv_up_flow.o(.data)
    SystemCoreClock                          0x20000544   Data           4  system_stm32f4xx.o(.data)
    AHBPrescTable                            0x20000548   Data          16  system_stm32f4xx.o(.data)
    USBD_DeviceStatus                        0x20000558   Data           2  usbd_core.o(.data)
    USBD_DeviceAddress                       0x2000055a   Data           1  usbd_core.o(.data)
    USBD_Configuration                       0x2000055b   Data           1  usbd_core.o(.data)
    USBD_EndPointMask                        0x2000055c   Data           4  usbd_core.o(.data)
    USBD_EndPointHalt                        0x20000560   Data           4  usbd_core.o(.data)
    USBD_EndPointStall                       0x20000564   Data           4  usbd_core.o(.data)
    USBD_NumInterfaces                       0x20000568   Data           1  usbd_core.o(.data)
    USBD_HighSpeed                           0x20000569   Data           1  usbd_core.o(.data)
    USBD_ZLP                                 0x2000056a   Data           1  usbd_core.o(.data)
    USBD_EP0Data                             0x2000056c   Data           8  usbd_core.o(.data)
    USBD_SetupPacket                         0x20000574   Data           8  usbd_core.o(.data)
    USBD_HID_Protocol                        0x2000057c   Data           1  usbd_hid.o(.data)
    DataOutAsyncReq                          0x20000580   Data           4  usbd_hid.o(.data)
    DataOutUpdateReqMask                     0x20000584   Data           4  usbd_hid.o(.data)
    ptrDataOut                               0x20000588   Data           4  usbd_hid.o(.data)
    DataOutToSendLen                         0x2000058c   Data           2  usbd_hid.o(.data)
    DataOutSentLen                           0x2000058e   Data           2  usbd_hid.o(.data)
    DataOutEndWithShortPacket                0x20000590   Data           4  usbd_hid.o(.data)
    ptrDataIn                                0x20000594   Data           4  usbd_hid.o(.data)
    DataInReceLen                            0x20000598   Data           2  usbd_hid.o(.data)
    ptrDataFeat                              0x2000059c   Data           4  usbd_hid.o(.data)
    DataFeatReceLen                          0x200005a0   Data           2  usbd_hid.o(.data)
    test_dT_1000hz                           0x200005a4   Data          12  ano_scheduler.o(.bss)
    test_rT                                  0x200005b0   Data          24  ano_scheduler.o(.bss)
    ParValList                               0x200005c8   Data         400  ano_dt.o(.bss)
    f                                        0x20000758   Data          22  ano_dt.o(.bss)
    data_to_send                             0x2000076e   Data          50  ano_dt.o(.bss)
    CH_N                                     0x200008b4   Data          16  ano_rc.o(.bss)
    hid_datatemp                             0x200008f6   Data         256  ano_usb.o(.bss)
    hid_data2send                            0x200009f6   Data          64  ano_usb.o(.bss)
    USBD_EP0Buf                              0x20000a38   Data          64  usb_config.o(.bss)
    USBD_HID_InReport                        0x20000a78   Data          65  usb_config.o(.bss)
    USBD_HID_OutReport                       0x20000ab9   Data          65  usb_config.o(.bss)
    stk_usb_msc_task                         0x20000b00   Data         600  usb_config.o(.bss)
    program_ctrl                             0x20000d58   Data          84  ano_flyctrl.o(.bss)
    uwb_data                                 0x20000dac   Data          60  ano_uwb.o(.bss)
    pc_user                                  0x20000fe8   Data          32  ano_programctrl_user.o(.bss)
    ano_opmv_cbt_ctrl                        0x20001008   Data          52  ano_opmv_cbtracking_ctrl.o(.bss)
    ano_opmv_lt_ctrl                         0x2000104c   Data          32  ano_opmv_linetracking_ctrl.o(.bss)
    of_data                                  0x2000106c   Data          10  ano_of_decofusion.o(.bss)
    of_rdf                                   0x20001078   Data          72  ano_of_decofusion.o(.bss)
    save                                     0x200010c0   Data          64  ano_fcdata.o(.bss)
    flag                                     0x20001100   Data          30  ano_fcdata.o(.bss)
    fc_stv                                   0x20001120   Data          16  ano_fcdata.o(.bss)
    sens_hd_check                            0x20001130   Data           9  ano_fcdata.o(.bss)
    att_matrix                               0x2000113c   Data          36  ano_imu.o(.bss)
    imu_test                                 0x20001184   Data          12  ano_imu.o(.bss)
    wcz_acc_fus                              0x20001190   Data          28  ano_motioncal.o(.bss)
    wcz_spe_fus                              0x200011ac   Data          24  ano_motioncal.o(.bss)
    wcz_hei_fus                              0x200011c4   Data          24  ano_motioncal.o(.bss)
    center_pos                               0x200011dc   Data          60  ano_sensor_basic.o(.bss)
    sensor                                   0x20001218   Data          80  ano_sensor_basic.o(.bss)
    sensor_val                               0x20001268   Data          24  ano_sensor_basic.o(.bss)
    sensor_val_rot                           0x20001280   Data          24  ano_sensor_basic.o(.bss)
    sensor_val_ref                           0x20001298   Data          24  ano_sensor_basic.o(.bss)
    sum_temp                                 0x200012b0   Data          28  ano_sensor_basic.o(.bss)
    acc_auto_sum_temp                        0x200012cc   Data          12  ano_sensor_basic.o(.bss)
    alt_arg_2                                0x20001350   Data          24  ano_altctrl.o(.bss)
    alt_val_2                                0x20001368   Data          40  ano_altctrl.o(.bss)
    alt_arg_1                                0x20001390   Data          24  ano_altctrl.o(.bss)
    alt_val_1                                0x200013a8   Data          40  ano_altctrl.o(.bss)
    arg_2                                    0x200013d0   Data          72  ano_attctrl.o(.bss)
    arg_1                                    0x20001418   Data          72  ano_attctrl.o(.bss)
    val_2                                    0x20001460   Data         120  ano_attctrl.o(.bss)
    val_1                                    0x200014d8   Data         120  ano_attctrl.o(.bss)
    att_2l_ct                                0x20001550   Data          36  ano_attctrl.o(.bss)
    att_1l_ct                                0x20001574   Data          28  ano_attctrl.o(.bss)
    rolling_flag                             0x200015a0   Data          24  ano_attctrl.o(.bss)
    fs                                       0x200015b8   Data          52  ano_flightctrl.o(.bss)
    loc_arg_1                                0x200015ec   Data          48  ano_locctrl.o(.bss)
    loc_val_1                                0x2000161c   Data          80  ano_locctrl.o(.bss)
    loc_arg_1_fix                            0x2000166c   Data          48  ano_locctrl.o(.bss)
    loc_val_1_fix                            0x2000169c   Data          80  ano_locctrl.o(.bss)
    loc_ctrl_1                               0x200016ec   Data          36  ano_locctrl.o(.bss)
    loc_ctrl_2                               0x20001710   Data          36  ano_locctrl.o(.bss)
    motor                                    0x20001738   Data          48  ano_motorctrl.o(.bss)
    motor_step                               0x20001768   Data          48  ano_motorctrl.o(.bss)
    mc                                       0x20001798   Data          16  ano_motorctrl.o(.bss)
    LED_STA                                  0x200017a8   Data          15  drv_led.o(.bss)
    Ano_Parame                               0x200017b7   Data        4096  ano_parameter.o(.bss)
    Rc_Pwm_In                                0x200027b8   Data          16  drv_pwm_in.o(.bss)
    Rc_Ppm_In                                0x200027c8   Data          16  drv_pwm_in.o(.bss)
    TxBuffer                                 0x200027d8   Data         256  drv_usart.o(.bss)
    Rx_Buf                                   0x200028d8   Data         256  drv_usart.o(.bss)
    Tx3Buffer                                0x200029d8   Data         256  drv_usart.o(.bss)
    Tx4Buffer                                0x20002ad8   Data         256  drv_usart.o(.bss)
    Tx5Buffer                                0x20002bd8   Data         256  drv_usart.o(.bss)
    mpu_buffer                               0x20002cd8   Data          14  drv_icm20602.o(.bss)
    HID_IntInPacketData                      0x20002d20   Data          64  usbd_stm32f4xx_fs.o(.bss)
    IsoOutPacketDataPtr                      0x20002d60   Data          16  usbd_stm32f4xx_fs.o(.bss)
    InPacketDataCnt                          0x20002d70   Data          16  usbd_stm32f4xx_fs.o(.bss)
    IsoOutPacketDataCnt                      0x20002d80   Data          16  usbd_stm32f4xx_fs.o(.bss)
    Gps_information                          0x20002d90   Data         112  drv_gps.o(.bss)
    Gps_send_Temp                            0x20002e00   Data          20  drv_gps.o(.bss)
    GPS_data_buff                            0x20002e14   Data         100  drv_gps.o(.bss)
    temperature_fb                           0x20002e78   Data          12  drv_heating.o(.bss)
    Rc_Sbus_In                               0x20002e84   Data          32  drv_sbus.o(.bss)
    openmv_buf                               0x20002ec6   Data          20  drv_openmv.o(.bss)
    opmv                                     0x20002eda   Data          26  drv_openmv.o(.bss)
    OF_DATA                                  0x20002ef4   Data          14  drv_up_flow.o(.bss)
    __initial_sp                             0x20003710   Data           0  startup_stm32f4xx.o(STACK)



==============================================================================

Memory Map of the image

  Image Entry point : 0x08000189

  Load Region LR_IROM1 (Base: 0x08000000, Size: 0x0001bc94, Max: 0x00100000, ABSOLUTE, COMPRESSED[0x0001b788])

    Execution Region ER_IROM1 (Base: 0x08000000, Size: 0x0001b6f0, Max: 0x00100000, ABSOLUTE)

    Base Addr    Size         Type   Attr      Idx    E Section Name        Object

    0x08000000   0x00000188   Data   RO         1845    RESET               startup_stm32f4xx.o
    0x08000188   0x00000000   Code   RO         1919  * .ARM.Collect$$$$00000000  mc_w.l(entry.o)
    0x08000188   0x00000004   Code   RO         1946    .ARM.Collect$$$$00000001  mc_w.l(entry2.o)
    0x0800018c   0x00000004   Code   RO         1949    .ARM.Collect$$$$00000004  mc_w.l(entry5.o)
    0x08000190   0x00000000   Code   RO         1951    .ARM.Collect$$$$00000008  mc_w.l(entry7b.o)
    0x08000190   0x00000000   Code   RO         1953    .ARM.Collect$$$$0000000A  mc_w.l(entry8b.o)
    0x08000190   0x00000008   Code   RO         1954    .ARM.Collect$$$$0000000B  mc_w.l(entry9a.o)
    0x08000198   0x00000000   Code   RO         1956    .ARM.Collect$$$$0000000D  mc_w.l(entry10a.o)
    0x08000198   0x00000000   Code   RO         1958    .ARM.Collect$$$$0000000F  mc_w.l(entry11a.o)
    0x08000198   0x00000004   Code   RO         1947    .ARM.Collect$$$$00002712  mc_w.l(entry2.o)
    0x0800019c   0x0000001c   Code   RO            2    .text               main.o
    0x080001b8   0x000001dc   Code   RO          149    .text               ano_scheduler.o
    0x08000394   0x000000f0   Code   RO          267    .text               bsp_init.o
    0x08000484   0x0000230c   Code   RO          313    .text               ano_dt.o
    0x08002790   0x000007d8   Code   RO          359    .text               ano_rc.o
    0x08002f68   0x0000035c   Code   RO          387    .text               ano_of.o
    0x080032c4   0x00000064   Code   RO          410    .text               stm32f4xx_it.o
    0x08003328   0x0000024c   Code   RO          426    .text               ano_usb.o
    0x08003574   0x00000052   Code   RO          503    .text               usb_config.o
    0x080035c6   0x00000002   PAD
    0x080035c8   0x000008ec   Code   RO          527    .text               ano_flyctrl.o
    0x08003eb4   0x000002dc   Code   RO          550    .text               ano_uwb.o
    0x08004190   0x000000d0   Code   RO          573    .text               ano_programctrl_user.o
    0x08004260   0x000000f4   Code   RO          595    .text               ano_opmv_ctrl.o
    0x08004354   0x00000480   Code   RO          621    .text               ano_opmv_cbtracking_ctrl.o
    0x080047d4   0x00000574   Code   RO          644    .text               ano_opmv_linetracking_ctrl.o
    0x08004d48   0x000005c4   Code   RO          667    .text               ano_of_decofusion.o
    0x0800530c   0x00000028   Code   RO          694    .text               ano_fcdata.o
    0x08005334   0x00000844   Code   RO          717    .text               ano_filter.o
    0x08005b78   0x00000ba4   Code   RO          744    .text               ano_imu.o
    0x0800671c   0x0000087c   Code   RO          771    .text               ano_math.o
    0x08006f98   0x000001fc   Code   RO          790    .text               ano_motioncal.o
    0x08007194   0x00000120   Code   RO          840    .text               ano_pid.o
    0x080072b4   0x000007fc   Code   RO          859    .text               ano_sensor_basic.o
    0x08007ab0   0x000005f4   Code   RO          883    .text               ano_altctrl.o
    0x080080a4   0x0000095c   Code   RO          922    .text               ano_attctrl.o
    0x08008a00   0x0000097c   Code   RO          953    .text               ano_flightctrl.o
    0x0800937c   0x00000dc0   Code   RO          994    .text               ano_locctrl.o
    0x0800a13c   0x000004e0   Code   RO         1017    .text               ano_magprocess.o
    0x0800a61c   0x00000320   Code   RO         1043    .text               ano_motorctrl.o
    0x0800a93c   0x000001d4   Code   RO         1074    .text               ano_power.o
    0x0800ab10   0x00000350   Code   RO         1096    .text               ano_flightdatacal.o
    0x0800ae60   0x00000654   Code   RO         1120    .text               drv_led.o
    0x0800b4b4   0x00000124   Code   RO         1155    .text               drv_adc.o
    0x0800b5d8   0x00000450   Code   RO         1177    .text               ano_parameter.o
    0x0800ba28   0x0000012c   Code   RO         1200    .text               drv_spi.o
    0x0800bb54   0x00000890   Code   RO         1219    .text               drv_pwm_in.o
    0x0800c3e4   0x000005a0   Code   RO         1246    .text               drv_pwm_out.o
    0x0800c984   0x000001b8   Code   RO         1268    .text               drv_time.o
    0x0800cb3c   0x00000684   Code   RO         1298    .text               drv_usart.o
    0x0800d1c0   0x00000104   Code   RO         1333    .text               drv_ak8975.o
    0x0800d2c4   0x00000358   Code   RO         1354    .text               drv_icm20602.o
    0x0800d61c   0x000006f8   Code   RO         1379    .text               drv_spl06.o
    0x0800dd14   0x000003c8   Code   RO         1402    .text               drv_w25qxx.o
    0x0800e0dc   0x000012b8   Code   RO         1427    .text               usbd_stm32f4xx_fs.o
    0x0800f394   0x0000072c   Code   RO         1454    .text               drv_gps.o
    0x0800fac0   0x00000384   Code   RO         1479    .text               drv_heating.o
    0x0800fe44   0x00000308   Code   RO         1499    .text               drv_sbus.o
    0x0801014c   0x00000104   Code   RO         1522    .text               drv_laser.o
    0x08010250   0x000001e8   Code   RO         1545    .text               drv_openmv.o
    0x08010438   0x00000224   Code   RO         1568    .text               drv_up_flow.o
    0x0801065c   0x000001ec   Code   RO         1596    .text               misc.o
    0x08010848   0x0000107c   Code   RO         1612    .text               stm32f4xx_adc.o
    0x080118c4   0x000013cc   Code   RO         1644    .text               stm32f4xx_dma.o
    0x08012c90   0x0000030c   Code   RO         1660    .text               stm32f4xx_exti.o
    0x08012f9c   0x00000916   Code   RO         1692    .text               stm32f4xx_gpio.o
    0x080138b2   0x00000002   PAD
    0x080138b4   0x00000d7c   Code   RO         1740    .text               stm32f4xx_rcc.o
    0x08014630   0x00000bc8   Code   RO         1758    .text               stm32f4xx_spi.o
    0x080151f8   0x00000184   Code   RO         1774    .text               stm32f4xx_syscfg.o
    0x0801537c   0x00003294   Code   RO         1790    .text               stm32f4xx_tim.o
    0x08018610   0x00000eb4   Code   RO         1806    .text               stm32f4xx_usart.o
    0x080194c4   0x00000210   Code   RO         1822    .text               system_stm32f4xx.o
    0x080196d4   0x00000024   Code   RO         1846    .text               startup_stm32f4xx.o
    0x080196f8   0x00000a30   Code   RO         1851    .text               usbd_core.o
    0x0801a128   0x000001b0   Code   RO         1892    .text               usbd_core_hid.o
    0x0801a2d8   0x00000604   Code   RO         1904    .text               usbd_hid.o
    0x0801a8dc   0x00000024   Code   RO         1922    .text               mc_w.l(memcpya.o)
    0x0801a900   0x0000014e   Code   RO         1926    .text               mf_w.l(dadd.o)
    0x0801aa4e   0x000000e4   Code   RO         1928    .text               mf_w.l(dmul.o)
    0x0801ab32   0x000000de   Code   RO         1930    .text               mf_w.l(ddiv.o)
    0x0801ac10   0x00000022   Code   RO         1932    .text               mf_w.l(dflti.o)
    0x0801ac32   0x0000003e   Code   RO         1934    .text               mf_w.l(dfixi.o)
    0x0801ac70   0x00000032   Code   RO         1936    .text               mf_w.l(dfixui.o)
    0x0801aca2   0x00000026   Code   RO         1938    .text               mf_w.l(f2d.o)
    0x0801acc8   0x00000030   Code   RO         1940    .text               mf_w.l(cdcmple.o)
    0x0801acf8   0x00000030   Code   RO         1942    .text               mf_w.l(cdrcmple.o)
    0x0801ad28   0x00000038   Code   RO         1944    .text               mf_w.l(d2f.o)
    0x0801ad60   0x0000001e   Code   RO         1960    .text               mc_w.l(llshl.o)
    0x0801ad7e   0x00000020   Code   RO         1962    .text               mc_w.l(llushr.o)
    0x0801ad9e   0x00000024   Code   RO         1964    .text               mc_w.l(llsshr.o)
    0x0801adc2   0x00000000   Code   RO         1966    .text               mc_w.l(iusefp.o)
    0x0801adc2   0x0000006e   Code   RO         1967    .text               mf_w.l(fepilogue.o)
    0x0801ae30   0x000000ba   Code   RO         1969    .text               mf_w.l(depilogue.o)
    0x0801aeea   0x00000002   PAD
    0x0801aeec   0x00000024   Code   RO         1971    .text               mc_w.l(init.o)
    0x0801af10   0x00000056   Code   RO         1981    .text               mc_w.l(__dczerorl2.o)
    0x0801af66   0x0000000e   Code   RO         1975    i.__scatterload_copy  mc_w.l(handlers.o)
    0x0801af74   0x00000002   Code   RO         1976    i.__scatterload_null  mc_w.l(handlers.o)
    0x0801af76   0x0000000e   Code   RO         1977    i.__scatterload_zeroinit  mc_w.l(handlers.o)
    0x0801af84   0x00000174   Data   RO          505    .constdata          usb_config.o
    0x0801b0f8   0x00000404   Data   RO          772    .constdata          ano_math.o
    0x0801b4fc   0x0000008f   Data   RO         1456    .constdata          drv_gps.o
    0x0801b58b   0x00000142   Data   RO         1570    .constdata          drv_up_flow.o
    0x0801b6cd   0x00000003   PAD
    0x0801b6d0   0x00000020   Data   RO         1973    Region$$Table       anon$$obj.o


    Execution Region RW_IRAM1 (Base: 0x20000000, Size: 0x00003710, Max: 0x00020000, ABSOLUTE, COMPRESSED[0x00000098])

    Base Addr    Size         Type   Attr      Idx    E Section Name        Object

    0x20000000   0x00000054   Data   RW          151    .data               ano_scheduler.o
    0x20000054   0x00000001   Data   RW          268    .data               bsp_init.o
    0x20000055   0x00000001   PAD
    0x20000056   0x00000021   Data   RW          315    .data               ano_dt.o
    0x20000077   0x00000001   PAD
    0x20000078   0x0000001f   Data   RW          361    .data               ano_rc.o
    0x20000097   0x00000001   PAD
    0x20000098   0x0000004e   Data   RW          389    .data               ano_of.o
    0x200000e6   0x00000004   Data   RW          428    .data               ano_usb.o
    0x200000ea   0x00000009   Data   RW          506    .data               usb_config.o
    0x200000f3   0x00000001   PAD
    0x200000f4   0x00000005   Data   RW          529    .data               ano_flyctrl.o
    0x200000f9   0x00000001   PAD
    0x200000fa   0x00000007   Data   RW          552    .data               ano_uwb.o
    0x20000101   0x00000003   Data   RW          596    .data               ano_opmv_ctrl.o
    0x20000104   0x00000014   Data   RW          623    .data               ano_opmv_cbtracking_ctrl.o
    0x20000118   0x0000001c   Data   RW          646    .data               ano_opmv_linetracking_ctrl.o
    0x20000134   0x00000030   Data   RW          669    .data               ano_of_decofusion.o
    0x20000164   0x00000008   Data   RW          696    .data               ano_fcdata.o
    0x2000016c   0x0000000c   Data   RW          718    .data               ano_filter.o
    0x20000178   0x00000154   Data   RW          746    .data               ano_imu.o
    0x200002cc   0x00000019   Data   RW          792    .data               ano_motioncal.o
    0x200002e5   0x00000003   PAD
    0x200002e8   0x00000049   Data   RW          861    .data               ano_sensor_basic.o
    0x20000331   0x00000003   PAD
    0x20000334   0x0000000e   Data   RW          885    .data               ano_altctrl.o
    0x20000342   0x00000002   PAD
    0x20000344   0x00000010   Data   RW          924    .data               ano_attctrl.o
    0x20000354   0x0000002c   Data   RW          955    .data               ano_flightctrl.o
    0x20000380   0x00000036   Data   RW          996    .data               ano_locctrl.o
    0x200003b6   0x00000002   PAD
    0x200003b8   0x00000020   Data   RW         1018    .data               ano_magprocess.o
    0x200003d8   0x0000000c   Data   RW         1075    .data               ano_power.o
    0x200003e4   0x00000041   Data   RW         1097    .data               ano_flightdatacal.o
    0x20000425   0x00000003   PAD
    0x20000428   0x00000027   Data   RW         1122    .data               drv_led.o
    0x2000044f   0x00000001   PAD
    0x20000450   0x00000002   Data   RW         1156    .data               drv_adc.o
    0x20000452   0x00000004   Data   RW         1179    .data               ano_parameter.o
    0x20000456   0x00000024   Data   RW         1221    .data               drv_pwm_in.o
    0x2000047a   0x00000002   PAD
    0x2000047c   0x00000004   Data   RW         1247    .data               drv_pwm_out.o
    0x20000480   0x00000008   Data   RW         1269    .data               drv_time.o
    0x20000488   0x00000008   Data   RW         1300    .data               drv_usart.o
    0x20000490   0x00000006   Data   RW         1334    .data               drv_ak8975.o
    0x20000496   0x00000002   PAD
    0x20000498   0x00000020   Data   RW         1381    .data               drv_spl06.o
    0x200004b8   0x00000030   Data   RW         1429    .data               usbd_stm32f4xx_fs.o
    0x200004e8   0x00000019   Data   RW         1457    .data               drv_gps.o
    0x20000501   0x00000003   PAD
    0x20000504   0x00000013   Data   RW         1481    .data               drv_heating.o
    0x20000517   0x00000001   PAD
    0x20000518   0x0000000c   Data   RW         1501    .data               drv_sbus.o
    0x20000524   0x00000006   Data   RW         1524    .data               drv_laser.o
    0x2000052a   0x00000004   Data   RW         1547    .data               drv_openmv.o
    0x2000052e   0x00000004   Data   RW         1571    .data               drv_up_flow.o
    0x20000532   0x00000010   Data   RW         1741    .data               stm32f4xx_rcc.o
    0x20000542   0x00000002   PAD
    0x20000544   0x00000014   Data   RW         1823    .data               system_stm32f4xx.o
    0x20000558   0x00000024   Data   RW         1852    .data               usbd_core.o
    0x2000057c   0x00000027   Data   RW         1905    .data               usbd_hid.o
    0x200005a3   0x00000001   PAD
    0x200005a4   0x00000024   Zero   RW          150    .bss                ano_scheduler.o
    0x200005c8   0x000002d8   Zero   RW          314    .bss                ano_dt.o
    0x200008a0   0x00000024   Zero   RW          360    .bss                ano_rc.o
    0x200008c4   0x00000032   Zero   RW          388    .bss                ano_of.o
    0x200008f6   0x00000140   Zero   RW          427    .bss                ano_usb.o
    0x20000a36   0x00000002   PAD
    0x20000a38   0x00000320   Zero   RW          504    .bss                usb_config.o
    0x20000d58   0x00000054   Zero   RW          528    .bss                ano_flyctrl.o
    0x20000dac   0x0000023c   Zero   RW          551    .bss                ano_uwb.o
    0x20000fe8   0x00000020   Zero   RW          574    .bss                ano_programctrl_user.o
    0x20001008   0x00000044   Zero   RW          622    .bss                ano_opmv_cbtracking_ctrl.o
    0x2000104c   0x00000020   Zero   RW          645    .bss                ano_opmv_linetracking_ctrl.o
    0x2000106c   0x00000054   Zero   RW          668    .bss                ano_of_decofusion.o
    0x200010c0   0x00000079   Zero   RW          695    .bss                ano_fcdata.o
    0x20001139   0x00000003   PAD
    0x2000113c   0x00000054   Zero   RW          745    .bss                ano_imu.o
    0x20001190   0x0000004c   Zero   RW          791    .bss                ano_motioncal.o
    0x200011dc   0x00000174   Zero   RW          860    .bss                ano_sensor_basic.o
    0x20001350   0x00000080   Zero   RW          884    .bss                ano_altctrl.o
    0x200013d0   0x000001e8   Zero   RW          923    .bss                ano_attctrl.o
    0x200015b8   0x00000034   Zero   RW          954    .bss                ano_flightctrl.o
    0x200015ec   0x00000148   Zero   RW          995    .bss                ano_locctrl.o
    0x20001734   0x00000004   PAD
    0x20001738   0x00000070   Zero   RW         1044    .bss                ano_motorctrl.o
    0x200017a8   0x0000000f   Zero   RW         1121    .bss                drv_led.o
    0x200017b7   0x00001000   Zero   RW         1178    .bss                ano_parameter.o
    0x200027b7   0x00000001   PAD
    0x200027b8   0x00000020   Zero   RW         1220    .bss                drv_pwm_in.o
    0x200027d8   0x00000500   Zero   RW         1299    .bss                drv_usart.o
    0x20002cd8   0x0000000e   Zero   RW         1355    .bss                drv_icm20602.o
    0x20002ce6   0x00000002   PAD
    0x20002ce8   0x0000002c   Zero   RW         1380    .bss                drv_spl06.o
    0x20002d14   0x0000000c   Zero   RW         1403    .bss                drv_w25qxx.o
    0x20002d20   0x00000070   Zero   RW         1428    .bss                usbd_stm32f4xx_fs.o
    0x20002d90   0x000000e8   Zero   RW         1455    .bss                drv_gps.o
    0x20002e78   0x0000000c   Zero   RW         1480    .bss                drv_heating.o
    0x20002e84   0x00000039   Zero   RW         1500    .bss                drv_sbus.o
    0x20002ebd   0x00000009   Zero   RW         1523    .bss                drv_laser.o
    0x20002ec6   0x0000002e   Zero   RW         1546    .bss                drv_openmv.o
    0x20002ef4   0x0000001c   Zero   RW         1569    .bss                drv_up_flow.o
    0x20002f10   0x00000800   Zero   RW         1843    STACK               startup_stm32f4xx.o


==============================================================================

Image component sizes


      Code (inc. data)   RO Data    RW Data    ZI Data      Debug   Object Name

      1524        146          0         14        128       2232   ano_altctrl.o
      2396        168          0         16        488       4481   ano_attctrl.o
      8972        264          0         33        728      16398   ano_dt.o
        40         10          0          8        121       3168   ano_fcdata.o
      2116         26          0         12          0       7531   ano_filter.o
      2428        254          0         44         52       5721   ano_flightctrl.o
       848        134          0         65          0       3023   ano_flightdatacal.o
      2284        366          0          5         84       3130   ano_flyctrl.o
      2980        178          0        340         84       5623   ano_imu.o
      3520        306          0         54        328       3678   ano_locctrl.o
      1248         96          0         32          0       3007   ano_magprocess.o
      2172        142       1028          0          0       7630   ano_math.o
       508         64          0         25         76       1647   ano_motioncal.o
       800         58          0          0        112       1991   ano_motorctrl.o
       860        122          0         78         50       3274   ano_of.o
      1476        124          0         48         84       4491   ano_of_decofusion.o
      1152         86          0         20         68       3590   ano_opmv_cbtracking_ctrl.o
       244         34          0          3          0       1179   ano_opmv_ctrl.o
      1396        116          0         28         32       3844   ano_opmv_linetracking_ctrl.o
      1104        110          0          4       4096       3176   ano_parameter.o
       288          4          0          0          0       1768   ano_pid.o
       468         62          0         12          0        886   ano_power.o
       208         26          0          0         32       1859   ano_programctrl_user.o
      2008        218          0         31         36       5690   ano_rc.o
       476         30          0         84         36       3469   ano_scheduler.o
      2044        130          0         73        372       5465   ano_sensor_basic.o
       588         24          0          4        320      15154   ano_usb.o
       732         48          0          7        572       2724   ano_uwb.o
       240         28          0          1          0        846   bsp_init.o
       292         18          0          2          0       1309   drv_adc.o
       260         10          0          6          0       1755   drv_ak8975.o
      1836        106        143         25        232       5568   drv_gps.o
       900        172          0         19         12       2229   drv_heating.o
       856         18          0          0         14       3274   drv_icm20602.o
       260         24          0          6          9       1349   drv_laser.o
      1620         72          0         39         15       4627   drv_led.o
       488         24          0          4         46       2676   drv_openmv.o
      2192        142          0         36         32       2986   drv_pwm_in.o
      1440         94          0          4          0       3827   drv_pwm_out.o
       776         32          0         12         57       1900   drv_sbus.o
       300          8          0          0          0       1663   drv_spi.o
      1784         74          0         32         44       5462   drv_spl06.o
       440         18          0          8          0      21738   drv_time.o
       548         28        322          4         28       1995   drv_up_flow.o
      1668         94          0          8       1280       5074   drv_usart.o
       968         14          0          0         12       5145   drv_w25qxx.o
        28          4          0          0          0     306099   main.o
       492         74          0          0          0       2105   misc.o
        36          8        392          0       2048        880   startup_stm32f4xx.o
      4220        148          0          0          0      13414   stm32f4xx_adc.o
      5068        352          0          0          0       9029   stm32f4xx_dma.o
       780         70          0          0          0       2779   stm32f4xx_exti.o
      2326        132          0          0          0       5481   stm32f4xx_gpio.o
       100          0          0          0          0       2162   stm32f4xx_it.o
      3452        262          0         16          0      13563   stm32f4xx_rcc.o
      3016        118          0          0          0       8609   stm32f4xx_spi.o
       388         72          0          0          0       1867   stm32f4xx_syscfg.o
     12948        670          0          0          0      31276   stm32f4xx_tim.o
      3764        164          0          0          0      10156   stm32f4xx_usart.o
       528         46          0         20          0       1959   system_stm32f4xx.o
        82          0        372          9        800      15594   usb_config.o
      2608        202          0         36          0       7808   usbd_core.o
       432         68          0          0          0       1692   usbd_core_hid.o
      1540        184          0         39          0       5935   usbd_hid.o
      4792        220          0         48        112      27249   usbd_stm32f4xx_fs.o

    ----------------------------------------------------------------------
    108352       7116       2292       1444      12652     666909   Object Totals
         0          0         32          0          0          0   (incl. Generated)
         4          0          3         30         12          0   (incl. Padding)

    ----------------------------------------------------------------------

      Code (inc. data)   RO Data    RW Data    ZI Data      Debug   Library Member Name

        86          0          0          0          0          0   __dczerorl2.o
         0          0          0          0          0          0   entry.o
         0          0          0          0          0          0   entry10a.o
         0          0          0          0          0          0   entry11a.o
         8          4          0          0          0          0   entry2.o
         4          0          0          0          0          0   entry5.o
         0          0          0          0          0          0   entry7b.o
         0          0          0          0          0          0   entry8b.o
         8          4          0          0          0          0   entry9a.o
        30          0          0          0          0          0   handlers.o
        36          8          0          0          0         68   init.o
         0          0          0          0          0          0   iusefp.o
        30          0          0          0          0         68   llshl.o
        36          0          0          0          0         68   llsshr.o
        32          0          0          0          0         68   llushr.o
        36          0          0          0          0         68   memcpya.o
        48          0          0          0          0         68   cdcmple.o
        48          0          0          0          0         68   cdrcmple.o
        56          0          0          0          0         88   d2f.o
       334          0          0          0          0        148   dadd.o
       222          0          0          0          0        100   ddiv.o
       186          0          0          0          0        176   depilogue.o
        62          0          0          0          0         80   dfixi.o
        50          0          0          0          0         76   dfixui.o
        34          0          0          0          0         76   dflti.o
       228          0          0          0          0         96   dmul.o
        38          0          0          0          0         68   f2d.o
       110          0          0          0          0        168   fepilogue.o

    ----------------------------------------------------------------------
      1724         16          0          0          0       1552   Library Totals
         2          0          0          0          0          0   (incl. Padding)

    ----------------------------------------------------------------------

      Code (inc. data)   RO Data    RW Data    ZI Data      Debug   Library Name

       306         16          0          0          0        340   mc_w.l
      1416          0          0          0          0       1212   mf_w.l

    ----------------------------------------------------------------------
      1724         16          0          0          0       1552   Library Totals

    ----------------------------------------------------------------------

==============================================================================


      Code (inc. data)   RO Data    RW Data    ZI Data      Debug   

    110076       7132       2292       1444      12652     655517   Grand Totals
    110076       7132       2292        152      12652     655517   ELF Image Totals (compressed)
    110076       7132       2292        152          0          0   ROM Totals

==============================================================================

    Total RO  Size (Code + RO Data)               112368 ( 109.73kB)
    Total RW  Size (RW Data + ZI Data)             14096 (  13.77kB)
    Total ROM Size (Code + RO Data + RW Data)     112520 ( 109.88kB)

==============================================================================

