<html>
<body>
<pre>
<h1>µVision Build Log</h1>
<h2>Tool Versions:</h2>
IDE-Version: ¦ÌVision V5.18.0.0
Copyright (C) 2016 ARM Ltd and ARM Germany GmbH. All rights reserved.
License Information: shige Windows, HP Inc., LIC=50D12-9RQTN-JNSA8-3M9NY-VCYLR-HSJXA
 
Tool Versions:
Toolchain:       MDK-ARM Professional  Version: 5.18
Toolchain Path:  D:\rj\MDK\ARM\ARMCC\Bin
C Compiler:      Armcc.exe V5.06 update 1 (build 61)
Assembler:       Armasm.exe V5.06 update 1 (build 61)
Linker/Locator:  ArmLink.exe V5.06 update 1 (build 61)
Library Manager: ArmAr.exe V5.06 update 1 (build 61)
Hex Converter:   FromElf.exe V5.06 update 1 (build 61)
CPU DLL:         SARMCM3.DLL V5.18
Dialog DLL:      DCM.DLL V1.13.6.0
Target DLL:      Segger\JL2CM3.dll V2.99.18.0
Dialog DLL:      TCM.DLL V1.14.8.0
 
<h2>Project:</h2>
D:\code\hoverjet\ANO\ANO_Pioneer.uvprojx
Project File Date:  11/10/2020

<h2>Output:</h2>
*** Using Compiler 'V5.06 update 1 (build 61)', folder: 'D:\rj\MDK\ARM\ARMCC\Bin'
Rebuild target 'Ano_Pioneer'
compiling main.c...
compiling Ano_Scheduler.c...
compiling BSP_Init.c...
compiling Ano_OF.c...
SRC\applications\Ano_OF.c(37): warning:  #177-D: variable "anoof_data_ok" was declared but never referenced
  static u8 anoof_data_ok;
SRC\applications\Ano_OF.c: 1 warning, 0 errors
compiling Ano_RC.c...
compiling Ano_DT.c...
compiling usb_config.c...
compiling stm32f4xx_it.c...
compiling Ano_USB.c...
compiling Ano_FlyCtrl.c...
compiling Ano_UWB.c...
compiling Ano_ProgramCtrl_User.c...
compiling Ano_OPMV_Ctrl.c...
compiling Ano_OPMV_CBTracking_Ctrl.c...
compiling Ano_OPMV_LineTracking_Ctrl.c...
compiling Ano_OF_DecoFusion.c...
compiling Ano_FcData.c...
compiling Ano_Filter.c...
compiling Ano_Imu.c...
compiling Ano_Math.c...
compiling Ano_MotionCal.c...
compiling Ano_Navigate.c...
compiling Ano_Pid.c...
compiling Ano_Sensor_Basic.c...
compiling Ano_AltCtrl.c...
compiling Ano_AttCtrl.c...
compiling Ano_FlightCtrl.c...
compiling Ano_LocCtrl.c...
compiling Ano_MagProcess.c...
compiling Ano_MotorCtrl.c...
compiling Ano_Power.c...
compiling Ano_FlightDataCal.c...
compiling Drv_led.c...
compiling Drv_adc.c...
compiling Ano_Parameter.c...
compiling Drv_spi.c...
compiling Drv_pwm_in.c...
compiling Drv_pwm_out.c...
compiling Drv_time.c...
compiling Drv_usart.c...
SRC\drivers\Drv_usart.c(232): warning:  #177-D: function "Usart3_Send" was declared but never referenced
  static void Usart3_Send ( unsigned char *DataToSend , u8 data_num )
SRC\drivers\Drv_usart.c: 1 warning, 0 errors
compiling Drv_ak8975.c...
compiling Drv_icm20602.c...
compiling Drv_spl06.c...
compiling Drv_w25qxx.c...
compiling usbd_STM32F4xx_FS.c...
compiling Drv_gps.c...
compiling Drv_heating.c...
compiling Drv_sbus.c...
compiling Drv_laser.c...
compiling Drv_OpenMV.c...
compiling Drv_UP_Flow.c...
compiling misc.c...
compiling stm32f4xx_adc.c...
compiling stm32f4xx_dbgmcu.c...
compiling stm32f4xx_dma.c...
compiling stm32f4xx_exti.c...
compiling stm32f4xx_flash.c...
compiling stm32f4xx_gpio.c...
compiling stm32f4xx_i2c.c...
compiling stm32f4xx_pwr.c...
compiling stm32f4xx_rcc.c...
compiling stm32f4xx_spi.c...
compiling stm32f4xx_syscfg.c...
compiling stm32f4xx_usart.c...
compiling system_stm32f4xx.c...
assembling startup_stm32f4xx.s...
compiling stm32f4xx_tim.c...
compiling usbd_core_hid.c...
compiling usbd_hid.c...
compiling usbd_core.c...
linking...
Program Size: Code=110076 RO-data=2292 RW-data=1444 ZI-data=12652  
FromELF: creating hex file...
After Build - User command #1: fromelf.exe --bin -o ./AnoPioneerPro.bin ./build/Ano_Pioneer.axf
".\build\ANO_Pioneer.axf" - 0 Error(s), 2 Warning(s).

<h2>Collection of Component include folders:</h2>
  D:\code\hoverjet\ANO\RTE
  D:\rj\MDK\ARM\PACK\Keil\STM32F4xx_DFP\1.0.8\Device\Include

<h2>Collection of Component Files used:</h2>
Build Time Elapsed:  00:00:34
</pre>
</body>
</html>
